[08-04 20:29:53]: [INFO] SQLite Setup finished
[08-04 20:29:53]: [INFO] Hooked into LuckPerms!
[08-04 20:29:53]: [INFO] Hooked successfully into Essentials
[08-04 20:29:53]: [INFO] Hooked successfully into Multiverse-Core
[08-04 20:29:53]: [INFO] AuthMe 5.6.0 build n.CUSTOM successfully enabled!
[08-04 20:29:55]: [INFO] Downloading GEO IP database, because the old database is older than 30 days or doesn't exist
[08-04 20:29:55]: [WARN] No MaxMind credentials found in the configuration file! GeoIp protections will be disabled.
[08-04 20:29:55]: [INFO] There is no newer GEO IP database uploaded to MaxMind. Using the old one for now.
[08-04 20:29:55]: [WARN] Could not download GeoLiteAPI database [FileNotFoundException]: plugins\AuthMe\GeoLite2-Country.mmdb (The system cannot find the file specified)
[08-04 20:29:55]: java.io.FileNotFoundException: plugins\AuthMe\GeoLite2-Country.mmdb (The system cannot find the file specified)
	at java.base/java.io.RandomAccessFile.open0(Native Method)
	at java.base/java.io.RandomAccessFile.open(Unknown Source)
	at java.base/java.io.RandomAccessFile.<init>(Unknown Source)
	at java.base/java.io.RandomAccessFile.<init>(Unknown Source)
	at AuthMe-5.6.0.jar//fr.xephi.authme.libs.com.maxmind.db.BufferHolder.<init>(BufferHolder.java:20)
	at AuthMe-5.6.0.jar//fr.xephi.authme.libs.com.maxmind.db.Reader.<init>(Reader.java:121)
	at AuthMe-5.6.0.jar//fr.xephi.authme.service.GeoIpService.startReading(GeoIpService.java:179)
	at AuthMe-5.6.0.jar//fr.xephi.authme.service.GeoIpService.updateDatabase(GeoIpService.java:150)
	at org.bukkit.craftbukkit.v1_19_R3.scheduler.CraftTask.run(CraftTask.java:101)
	at org.bukkit.craftbukkit.v1_19_R3.scheduler.CraftAsyncTask.run(CraftAsyncTask.java:57)
	at com.destroystokyo.paper.ServerSchedulerReportingWrapper.run(ServerSchedulerReportingWrapper.java:22)
	at java.base/java.util.concurrent.ThreadPoolExecutor.runWorker(Unknown Source)
	at java.base/java.util.concurrent.ThreadPoolExecutor$Worker.run(Unknown Source)
	at java.base/java.lang.Thread.run(Unknown Source)

[08-04 20:30:05]: [FINE] ABeess logged in 127.0.0.1
[08-04 21:19:31]: [FINE] ABeess logged in 127.0.0.1
[08-04 21:56:16]: [INFO] AuthMe 5.6.0-bCUSTOM disabled!
[08-04 21:57:39]: [INFO] SQLite Setup finished
[08-04 21:57:39]: [INFO] Hooked into LuckPerms!
[08-04 21:57:39]: [INFO] Hooked successfully into Essentials
[08-04 21:57:39]: [INFO] Hooked successfully into Multiverse-Core
[08-04 21:57:39]: [INFO] AuthMe 5.6.0 build n.CUSTOM successfully enabled!
[08-04 21:57:41]: [INFO] Downloading GEO IP database, because the old database is older than 30 days or doesn't exist
[08-04 21:57:41]: [WARN] No MaxMind credentials found in the configuration file! GeoIp protections will be disabled.
[08-04 21:57:41]: [INFO] There is no newer GEO IP database uploaded to MaxMind. Using the old one for now.
[08-04 21:57:41]: [WARN] Could not download GeoLiteAPI database [FileNotFoundException]: plugins\AuthMe\GeoLite2-Country.mmdb (The system cannot find the file specified)
[08-04 21:57:41]: java.io.FileNotFoundException: plugins\AuthMe\GeoLite2-Country.mmdb (The system cannot find the file specified)
	at java.base/java.io.RandomAccessFile.open0(Native Method)
	at java.base/java.io.RandomAccessFile.open(Unknown Source)
	at java.base/java.io.RandomAccessFile.<init>(Unknown Source)
	at java.base/java.io.RandomAccessFile.<init>(Unknown Source)
	at AuthMe-5.6.0.jar//fr.xephi.authme.libs.com.maxmind.db.BufferHolder.<init>(BufferHolder.java:20)
	at AuthMe-5.6.0.jar//fr.xephi.authme.libs.com.maxmind.db.Reader.<init>(Reader.java:121)
	at AuthMe-5.6.0.jar//fr.xephi.authme.service.GeoIpService.startReading(GeoIpService.java:179)
	at AuthMe-5.6.0.jar//fr.xephi.authme.service.GeoIpService.updateDatabase(GeoIpService.java:150)
	at org.bukkit.craftbukkit.v1_19_R3.scheduler.CraftTask.run(CraftTask.java:101)
	at org.bukkit.craftbukkit.v1_19_R3.scheduler.CraftAsyncTask.run(CraftAsyncTask.java:57)
	at com.destroystokyo.paper.ServerSchedulerReportingWrapper.run(ServerSchedulerReportingWrapper.java:22)
	at java.base/java.util.concurrent.ThreadPoolExecutor.runWorker(Unknown Source)
	at java.base/java.util.concurrent.ThreadPoolExecutor$Worker.run(Unknown Source)
	at java.base/java.lang.Thread.run(Unknown Source)

[08-04 21:58:35]: [FINE] ABeess logged in 127.0.0.1
[08-04 22:03:00]: [INFO] AuthMe 5.6.0-bCUSTOM disabled!
[08-04 22:04:36]: [INFO] SQLite Setup finished
[08-04 22:04:37]: [INFO] Hooked into LuckPerms!
[08-04 22:04:37]: [INFO] Hooked successfully into Essentials
[08-04 22:04:37]: [INFO] Hooked successfully into Multiverse-Core
[08-04 22:04:37]: [INFO] AuthMe 5.6.0 build n.CUSTOM successfully enabled!
[08-04 22:04:39]: [INFO] Downloading GEO IP database, because the old database is older than 30 days or doesn't exist
[08-04 22:04:39]: [WARN] No MaxMind credentials found in the configuration file! GeoIp protections will be disabled.
[08-04 22:04:39]: [INFO] There is no newer GEO IP database uploaded to MaxMind. Using the old one for now.
[08-04 22:04:39]: [WARN] Could not download GeoLiteAPI database [FileNotFoundException]: plugins\AuthMe\GeoLite2-Country.mmdb (The system cannot find the file specified)
[08-04 22:04:39]: java.io.FileNotFoundException: plugins\AuthMe\GeoLite2-Country.mmdb (The system cannot find the file specified)
	at java.base/java.io.RandomAccessFile.open0(Native Method)
	at java.base/java.io.RandomAccessFile.open(Unknown Source)
	at java.base/java.io.RandomAccessFile.<init>(Unknown Source)
	at java.base/java.io.RandomAccessFile.<init>(Unknown Source)
	at AuthMe-5.6.0.jar//fr.xephi.authme.libs.com.maxmind.db.BufferHolder.<init>(BufferHolder.java:20)
	at AuthMe-5.6.0.jar//fr.xephi.authme.libs.com.maxmind.db.Reader.<init>(Reader.java:121)
	at AuthMe-5.6.0.jar//fr.xephi.authme.service.GeoIpService.startReading(GeoIpService.java:179)
	at AuthMe-5.6.0.jar//fr.xephi.authme.service.GeoIpService.updateDatabase(GeoIpService.java:150)
	at org.bukkit.craftbukkit.v1_19_R3.scheduler.CraftTask.run(CraftTask.java:101)
	at org.bukkit.craftbukkit.v1_19_R3.scheduler.CraftAsyncTask.run(CraftAsyncTask.java:57)
	at com.destroystokyo.paper.ServerSchedulerReportingWrapper.run(ServerSchedulerReportingWrapper.java:22)
	at java.base/java.util.concurrent.ThreadPoolExecutor.runWorker(Unknown Source)
	at java.base/java.util.concurrent.ThreadPoolExecutor$Worker.run(Unknown Source)
	at java.base/java.lang.Thread.run(Unknown Source)

[08-04 22:04:52]: [FINE] ABeess logged in 127.0.0.1
