[01/03/2025 21:21:59] ABeess won 2 (ID: 2, Weight: 25.0) from 123 Crate (ID: 123)
[01/03/2025 21:23:42] RayPVP666_VN won 2 (ID: 2, Weight: 25.0) from 123 Crate (ID: 123)
[01/03/2025 21:23:47] RayPVP666_VN won 6 (ID: 6, Weight: 1.0) from 123 Crate (ID: 123)
[01/03/2025 21:23:56] RayPVP666_VN won 5 (ID: 5, Weight: 25.0) from 123 Crate (ID: 123)
[01/03/2025 21:24:00] RayPVP666_VN won 3 (ID: 3, Weight: 25.0) from 123 Crate (ID: 123)
[01/03/2025 21:25:28] ABeess won 3 (ID: 3, Weight: 25.0) from 123 Crate (ID: 123)
[01/03/2025 21:26:31] ABeess won 5 (ID: 5, Weight: 25.0) from 123 Crate (ID: 123)
[01/03/2025 21:27:30] ABeess won 4 (ID: 4, Weight: 25.0) from 123 Crate (ID: 123)
[01/03/2025 21:27:31] ABeess won 6 (ID: 6, Weight: 1.0E-4) from 123 Crate (ID: 123)
[01/03/2025 21:27:34] ABeess won 4 (ID: 4, Weight: 25.0) from 123 Crate (ID: 123)
[01/03/2025 21:27:34] ABeess won 4 (ID: 4, Weight: 25.0) from 123 Crate (ID: 123)
[01/03/2025 21:28:00] ABeess won 3 (ID: 3, Weight: 25.0) from 123 Crate (ID: 123)
[01/03/2025 21:28:19] ABeess won 1 (ID: 1, Weight: 25.0) from 123 Crate (ID: 123)
[01/03/2025 21:28:40] ABeess won 3 (ID: 3, Weight: 25.0) from 123 Crate (ID: 123)
[01/03/2025 21:28:41] ABeess won 4 (ID: 4, Weight: 25.0) from 123 Crate (ID: 123)
[01/03/2025 21:28:42] ABeess won 1 (ID: 1, Weight: 25.0) from 123 Crate (ID: 123)
[01/03/2025 21:29:20] ABeess won 2 (ID: 2, Weight: 25.0) from 123 Crate (ID: 123)
[01/03/2025 21:29:57] ABeess won 2 (ID: 2, Weight: 25.0) from 123 Crate (ID: 123)
[01/03/2025 21:30:20] RayPVP666_VN won 4 (ID: 4, Weight: 25.0) from 123 Crate (ID: 123)
[01/03/2025 21:30:31] RayPVP666_VN won 3 (ID: 3, Weight: 25.0) from 123 Crate (ID: 123)
[01/03/2025 21:30:32] RayPVP666_VN won 3 (ID: 3, Weight: 25.0) from 123 Crate (ID: 123)
[01/03/2025 21:30:40] ABeess won 1 (ID: 1, Weight: 25.0) from 123 Crate (ID: 123)
[01/03/2025 21:33:26] RayPVP666_VN won 3 (ID: 3, Weight: 25.0) from 123 Crate (ID: 123)
[01/03/2025 21:39:47] ABeess won 1 (ID: 1, Weight: 60.0) from 123 Crate (ID: 123)
[01/03/2025 21:40:03] ABeess won 1 (ID: 1, Weight: 60.0) from 123 Crate (ID: 123)
[01/03/2025 21:41:42] ABeess won 1 (ID: 1, Weight: 60.0) from 123 Crate (ID: 123)
[01/03/2025 21:46:20] ABeess won 1 (ID: 1, Weight: 60.0) from 123 Crate (ID: 123)
[01/03/2025 22:08:44] ABeess won 1 (ID: 1, Weight: 60.0) from 123 Crate (ID: 123)
[02/03/2025 00:15:53] ABeess won 4 (ID: 4, Weight: 6.0) from 123 Crate (ID: 123)
[02/03/2025 00:18:04] ABeess won 4 (ID: 4, Weight: 6.0) from 123 Crate (ID: 123)
[02/03/2025 00:25:23] ABeess won 2 (ID: 2, Weight: 20.0) from 123 Crate (ID: 123)
[02/03/2025 00:48:49] ABeess won 1 (ID: 1, Weight: 60.0) from 123 Crate (ID: 123)
[02/03/2025 03:26:35] ABeess won M?nh giáp [I] (ID: mnh_gip_i, Weight: 25.0) from Armor Shard Crate 1 Crate (ID: armor_shard_crate_1)
[02/03/2025 03:29:34] ABeess won M?nh giáp [I] (ID: mnh_gip_i, Weight: 25.0) from Hòm M?nh Giáp [I] (ID: armor_shard_crate_1)
[02/03/2025 03:29:53] ABeess won M?nh giáp [II] (ID: mnh_gip_ii, Weight: 25.0) from Hòm M?nh Giáp [II] (ID: armor_shard_crate_2)
[02/03/2025 03:29:54] ABeess won M?nh giáp [II] (ID: mnh_gip_ii, Weight: 25.0) from Hòm M?nh Giáp [II] (ID: armor_shard_crate_2)
[02/03/2025 03:29:55] ABeess won M?nh giáp [II] (ID: mnh_gip_ii, Weight: 25.0) from Hòm M?nh Giáp [II] (ID: armor_shard_crate_2)
[02/03/2025 03:29:55] ABeess won M?nh giáp [II] (ID: mnh_gip_ii, Weight: 25.0) from Hòm M?nh Giáp [II] (ID: armor_shard_crate_2)
[02/03/2025 03:29:55] ABeess won M?nh giáp [II] (ID: mnh_gip_ii, Weight: 25.0) from Hòm M?nh Giáp [II] (ID: armor_shard_crate_2)
[02/03/2025 03:29:56] ABeess won M?nh giáp [II] (ID: mnh_gip_ii, Weight: 25.0) from Hòm M?nh Giáp [II] (ID: armor_shard_crate_2)
[02/03/2025 03:29:56] ABeess won M?nh giáp [II] (ID: mnh_gip_ii, Weight: 25.0) from Hòm M?nh Giáp [II] (ID: armor_shard_crate_2)
[02/03/2025 03:32:13] ABeess won M?nh giáp [I] (ID: mnh_gip_i, Weight: 25.0) from Hòm M?nh Giáp [I] (ID: armor_shard_crate_1)
[02/03/2025 04:02:17] ABeess won M?nh giáp [I] (ID: mnh_gip_i, Weight: 25.0) from Hòm M?nh Giáp [I] (ID: armor_shard_crate_1)
[02/03/2025 04:02:18] ABeess won M?nh giáp [II] (ID: mnh_gip_ii, Weight: 25.0) from Hòm M?nh Giáp [II] (ID: armor_shard_crate_2)
[02/03/2025 04:02:19] ABeess won M?nh giáp [III] (ID: mnh_gip_iii, Weight: 25.0) from Hòm M?nh Giáp [III] (ID: armor_shard_crate_3)
[02/03/2025 04:02:20] ABeess won M?nh giáp [IV] (ID: mnh_gip_iv, Weight: 25.0) from M?nh giáp [IV] (ID: armor_shard_crate_4)
[02/03/2025 04:02:21] ABeess won M?nh giáp [V] (ID: mnh_gip_v, Weight: 25.0) from Hòm M?nh Giáp [V] (ID: armor_shard_crate_5)
[02/03/2025 04:02:23] ABeess won M?nh V? Khí [I] (ID: mnh_v_kh_i, Weight: 25.0) from Hòm M?nh V? Khí [I] (ID: weapon_shard_crates_1)
[02/03/2025 04:02:25] ABeess won M?nh V? Khí [II] (ID: mnh_v_kh_ii, Weight: 25.0) from Hòm M?nh v? khí [II] (ID: weapon_shard_crates_2)
[02/03/2025 04:02:26] ABeess won M?nh V? Khí [III] (ID: mnh_v_kh_iii, Weight: 25.0) from Hòm M?nh v? khí [III] (ID: weapon_shard_crates_3)
[02/03/2025 04:02:27] ABeess won M?nh V? Khí [IV] (ID: mnh_v_kh_iv, Weight: 25.0) from Hòm M?nh v? khí [IV] (ID: weapon_shard_crates_4)
[02/03/2025 04:04:33] ABeess won M?nh giáp [I] (ID: mnh_gip_i, Weight: 25.0) from Hòm M?nh Giáp [I] (ID: armor_shard_crate_1)
[02/03/2025 04:08:19] ABeess won M?nh giáp [I] (ID: mnh_gip_i, Weight: 25.0) from Hòm M?nh Giáp [I] (ID: armor_shard_crate_1)
[02/03/2025 04:08:47] ABeess won M?nh giáp [I] (ID: mnh_gip_i, Weight: 25.0) from Hòm M?nh Giáp [I] (ID: armor_shard_crate_1)
[02/03/2025 04:09:02] ABeess won M?nh giáp [I] (ID: mnh_gip_i, Weight: 25.0) from Hòm M?nh Giáp [I] (ID: armor_shard_crate_1)
[02/03/2025 04:10:23] ABeess won M?nh giáp [I] (ID: mnh_gip_i, Weight: 25.0) from Hòm M?nh Giáp [I] (ID: armor_shard_crate_1)
[02/03/2025 04:10:24] ABeess won M?nh giáp [I] (ID: mnh_gip_i, Weight: 25.0) from Hòm M?nh Giáp [I] (ID: armor_shard_crate_1)
[02/03/2025 04:10:24] ABeess won M?nh giáp [I] (ID: mnh_gip_i, Weight: 25.0) from Hòm M?nh Giáp [I] (ID: armor_shard_crate_1)
[02/03/2025 04:11:14] ABeess won M?nh giáp [I] (ID: mnh_gip_i, Weight: 25.0) from Hòm M?nh Giáp [I] (ID: armor_shard_crate_1)
[02/03/2025 04:12:14] ABeess won M?nh giáp [I] (ID: mnh_gip_i, Weight: 25.0) from Hòm M?nh Giáp [I] (ID: armor_shard_crate_1)
[02/03/2025 04:12:43] ABeess won M?nh giáp [I] (ID: mnh_gip_i, Weight: 25.0) from Hòm M?nh Giáp [I] (ID: armor_shard_crate_1)
[02/03/2025 04:12:44] ABeess won M?nh giáp [I] (ID: mnh_gip_i, Weight: 25.0) from Hòm M?nh Giáp [I] (ID: armor_shard_crate_1)
[02/03/2025 04:14:37] ABeess won M?nh giáp [I] (ID: mnh_gip_i, Weight: 25.0) from Hòm M?nh Giáp [I] (ID: armor_shard_crate_1)
[02/03/2025 04:14:38] ABeess won M?nh giáp [I] (ID: mnh_gip_i, Weight: 25.0) from Hòm M?nh Giáp [I] (ID: armor_shard_crate_1)
[02/03/2025 10:44:17] ABeess won M?nh giáp [I] (ID: mnh_gip_i, Weight: 25.0) from Hòm M?nh Giáp [I] (ID: armor_shard_crate_1)
[02/03/2025 10:45:05] ABeess won M?nh giáp [I] (ID: mnh_gip_i, Weight: 25.0) from Hòm M?nh Giáp [I] (ID: armor_shard_crate_1)
[02/03/2025 10:46:51] ABeess won M?nh giáp [I] (ID: mnh_gip_i, Weight: 25.0) from Hòm M?nh Giáp [I] (ID: armor_shard_crate_1)
[02/03/2025 10:47:22] ABeess won M?nh giáp [I] (ID: mnh_gip_i, Weight: 25.0) from Hòm M?nh Giáp [I] (ID: armor_shard_crate_1)
[02/03/2025 10:47:32] ABeess won M?nh giáp [I] (ID: mnh_gip_i, Weight: 25.0) from Hòm M?nh Giáp [I] (ID: armor_shard_crate_1)
[02/03/2025 10:47:34] ABeess won M?nh giáp [I] (ID: mnh_gip_i, Weight: 25.0) from Hòm M?nh Giáp [I] (ID: armor_shard_crate_1)
[02/03/2025 10:47:36] ABeess won M?nh giáp [I] (ID: mnh_gip_i, Weight: 25.0) from Hòm M?nh Giáp [I] (ID: armor_shard_crate_1)
[02/03/2025 10:50:23] ABeess won M?nh giáp [I] (ID: mnh_gip_i, Weight: 25.0) from Hòm M?nh Giáp [I] (ID: armor_shard_crate_1)
[02/03/2025 10:50:46] ABeess won M?nh giáp [I] (ID: mnh_gip_i, Weight: 25.0) from Hòm M?nh Giáp [I] (ID: armor_shard_crate_1)
[02/03/2025 10:54:15] ABeess won M?nh giáp [V] (ID: mnh_gip_v, Weight: 25.0) from Hòm M?nh Giáp [V] (ID: armor_shard_crate_5)
[02/03/2025 10:54:16] ABeess won M?nh giáp [V] (ID: mnh_gip_v, Weight: 25.0) from Hòm M?nh Giáp [V] (ID: armor_shard_crate_5)
[02/03/2025 10:54:16] ABeess won M?nh giáp [V] (ID: mnh_gip_v, Weight: 25.0) from Hòm M?nh Giáp [V] (ID: armor_shard_crate_5)
[02/03/2025 10:54:16] ABeess won M?nh giáp [V] (ID: mnh_gip_v, Weight: 25.0) from Hòm M?nh Giáp [V] (ID: armor_shard_crate_5)
[02/03/2025 10:54:16] ABeess won M?nh giáp [V] (ID: mnh_gip_v, Weight: 25.0) from Hòm M?nh Giáp [V] (ID: armor_shard_crate_5)
[02/03/2025 10:54:17] ABeess won M?nh giáp [V] (ID: mnh_gip_v, Weight: 25.0) from Hòm M?nh Giáp [V] (ID: armor_shard_crate_5)
[02/03/2025 10:54:17] ABeess won M?nh giáp [V] (ID: mnh_gip_v, Weight: 25.0) from Hòm M?nh Giáp [V] (ID: armor_shard_crate_5)
[02/03/2025 10:54:17] ABeess won M?nh giáp [V] (ID: mnh_gip_v, Weight: 25.0) from Hòm M?nh Giáp [V] (ID: armor_shard_crate_5)
[02/03/2025 10:54:17] ABeess won M?nh giáp [V] (ID: mnh_gip_v, Weight: 25.0) from Hòm M?nh Giáp [V] (ID: armor_shard_crate_5)
[02/03/2025 10:54:17] ABeess won M?nh giáp [V] (ID: mnh_gip_v, Weight: 25.0) from Hòm M?nh Giáp [V] (ID: armor_shard_crate_5)
[02/03/2025 10:54:18] ABeess won M?nh giáp [V] (ID: mnh_gip_v, Weight: 25.0) from Hòm M?nh Giáp [V] (ID: armor_shard_crate_5)
[02/03/2025 10:54:18] ABeess won M?nh giáp [V] (ID: mnh_gip_v, Weight: 25.0) from Hòm M?nh Giáp [V] (ID: armor_shard_crate_5)
[02/03/2025 10:54:18] ABeess won M?nh giáp [V] (ID: mnh_gip_v, Weight: 25.0) from Hòm M?nh Giáp [V] (ID: armor_shard_crate_5)
[02/03/2025 10:54:18] ABeess won M?nh giáp [V] (ID: mnh_gip_v, Weight: 25.0) from Hòm M?nh Giáp [V] (ID: armor_shard_crate_5)
[02/03/2025 10:54:19] ABeess won M?nh giáp [V] (ID: mnh_gip_v, Weight: 25.0) from Hòm M?nh Giáp [V] (ID: armor_shard_crate_5)
[02/03/2025 10:54:19] ABeess won M?nh giáp [V] (ID: mnh_gip_v, Weight: 25.0) from Hòm M?nh Giáp [V] (ID: armor_shard_crate_5)
[02/03/2025 10:54:19] ABeess won M?nh giáp [V] (ID: mnh_gip_v, Weight: 25.0) from Hòm M?nh Giáp [V] (ID: armor_shard_crate_5)
[02/03/2025 10:54:19] ABeess won M?nh giáp [V] (ID: mnh_gip_v, Weight: 25.0) from Hòm M?nh Giáp [V] (ID: armor_shard_crate_5)
[02/03/2025 10:54:20] ABeess won M?nh giáp [V] (ID: mnh_gip_v, Weight: 25.0) from Hòm M?nh Giáp [V] (ID: armor_shard_crate_5)
[02/03/2025 10:54:20] ABeess won M?nh giáp [V] (ID: mnh_gip_v, Weight: 25.0) from Hòm M?nh Giáp [V] (ID: armor_shard_crate_5)
[02/03/2025 10:54:20] ABeess won M?nh giáp [V] (ID: mnh_gip_v, Weight: 25.0) from Hòm M?nh Giáp [V] (ID: armor_shard_crate_5)
[02/03/2025 10:54:20] ABeess won M?nh giáp [V] (ID: mnh_gip_v, Weight: 25.0) from Hòm M?nh Giáp [V] (ID: armor_shard_crate_5)
[02/03/2025 10:54:21] ABeess won M?nh giáp [V] (ID: mnh_gip_v, Weight: 25.0) from Hòm M?nh Giáp [V] (ID: armor_shard_crate_5)
[02/03/2025 10:54:21] ABeess won M?nh giáp [V] (ID: mnh_gip_v, Weight: 25.0) from Hòm M?nh Giáp [V] (ID: armor_shard_crate_5)
[02/03/2025 10:54:21] ABeess won M?nh giáp [V] (ID: mnh_gip_v, Weight: 25.0) from Hòm M?nh Giáp [V] (ID: armor_shard_crate_5)
[02/03/2025 10:54:21] ABeess won M?nh giáp [V] (ID: mnh_gip_v, Weight: 25.0) from Hòm M?nh Giáp [V] (ID: armor_shard_crate_5)
[02/03/2025 10:54:21] ABeess won M?nh giáp [V] (ID: mnh_gip_v, Weight: 25.0) from Hòm M?nh Giáp [V] (ID: armor_shard_crate_5)
[02/03/2025 10:54:22] ABeess won M?nh giáp [V] (ID: mnh_gip_v, Weight: 25.0) from Hòm M?nh Giáp [V] (ID: armor_shard_crate_5)
[02/03/2025 10:54:22] ABeess won M?nh giáp [V] (ID: mnh_gip_v, Weight: 25.0) from Hòm M?nh Giáp [V] (ID: armor_shard_crate_5)
[02/03/2025 10:54:22] ABeess won M?nh giáp [V] (ID: mnh_gip_v, Weight: 25.0) from Hòm M?nh Giáp [V] (ID: armor_shard_crate_5)
[02/03/2025 10:54:22] ABeess won M?nh giáp [V] (ID: mnh_gip_v, Weight: 25.0) from Hòm M?nh Giáp [V] (ID: armor_shard_crate_5)
[02/03/2025 10:54:23] ABeess won M?nh giáp [V] (ID: mnh_gip_v, Weight: 25.0) from Hòm M?nh Giáp [V] (ID: armor_shard_crate_5)
[02/03/2025 10:54:23] ABeess won M?nh giáp [V] (ID: mnh_gip_v, Weight: 25.0) from Hòm M?nh Giáp [V] (ID: armor_shard_crate_5)
[02/03/2025 10:54:53] ABeess won M?nh giáp [I] (ID: mnh_gip_i, Weight: 25.0) from Hòm M?nh Giáp [I] (ID: armor_shard_crate_1)
[02/03/2025 10:54:54] ABeess won M?nh giáp [I] (ID: mnh_gip_i, Weight: 25.0) from Hòm M?nh Giáp [I] (ID: armor_shard_crate_1)
[02/03/2025 10:54:54] ABeess won M?nh giáp [I] (ID: mnh_gip_i, Weight: 25.0) from Hòm M?nh Giáp [I] (ID: armor_shard_crate_1)
[02/03/2025 10:54:55] ABeess won M?nh giáp [I] (ID: mnh_gip_i, Weight: 25.0) from Hòm M?nh Giáp [I] (ID: armor_shard_crate_1)
[02/03/2025 10:54:55] ABeess won M?nh giáp [I] (ID: mnh_gip_i, Weight: 25.0) from Hòm M?nh Giáp [I] (ID: armor_shard_crate_1)
[02/03/2025 10:54:55] ABeess won M?nh giáp [I] (ID: mnh_gip_i, Weight: 25.0) from Hòm M?nh Giáp [I] (ID: armor_shard_crate_1)
[02/03/2025 10:54:56] ABeess won M?nh giáp [I] (ID: mnh_gip_i, Weight: 25.0) from Hòm M?nh Giáp [I] (ID: armor_shard_crate_1)
[02/03/2025 10:54:56] ABeess won M?nh giáp [I] (ID: mnh_gip_i, Weight: 25.0) from Hòm M?nh Giáp [I] (ID: armor_shard_crate_1)
[02/03/2025 10:54:56] ABeess won M?nh giáp [I] (ID: mnh_gip_i, Weight: 25.0) from Hòm M?nh Giáp [I] (ID: armor_shard_crate_1)
[02/03/2025 10:54:56] ABeess won M?nh giáp [I] (ID: mnh_gip_i, Weight: 25.0) from Hòm M?nh Giáp [I] (ID: armor_shard_crate_1)
[02/03/2025 10:54:57] ABeess won M?nh giáp [I] (ID: mnh_gip_i, Weight: 25.0) from Hòm M?nh Giáp [I] (ID: armor_shard_crate_1)
[02/03/2025 10:54:57] ABeess won M?nh giáp [I] (ID: mnh_gip_i, Weight: 25.0) from Hòm M?nh Giáp [I] (ID: armor_shard_crate_1)
[02/03/2025 10:54:57] ABeess won M?nh giáp [I] (ID: mnh_gip_i, Weight: 25.0) from Hòm M?nh Giáp [I] (ID: armor_shard_crate_1)
[02/03/2025 10:55:51] ABeess won M?nh giáp [I] (ID: mnh_gip_i, Weight: 25.0) from Hòm M?nh Giáp [I] (ID: armor_shard_crate_1)
[02/03/2025 10:55:52] ABeess won M?nh giáp [I] (ID: mnh_gip_i, Weight: 25.0) from Hòm M?nh Giáp [I] (ID: armor_shard_crate_1)
[02/03/2025 10:55:52] ABeess won M?nh giáp [I] (ID: mnh_gip_i, Weight: 25.0) from Hòm M?nh Giáp [I] (ID: armor_shard_crate_1)
[02/03/2025 10:55:53] ABeess won M?nh giáp [I] (ID: mnh_gip_i, Weight: 25.0) from Hòm M?nh Giáp [I] (ID: armor_shard_crate_1)
[02/03/2025 10:55:53] ABeess won M?nh giáp [I] (ID: mnh_gip_i, Weight: 25.0) from Hòm M?nh Giáp [I] (ID: armor_shard_crate_1)
[02/03/2025 10:55:53] ABeess won M?nh giáp [I] (ID: mnh_gip_i, Weight: 25.0) from Hòm M?nh Giáp [I] (ID: armor_shard_crate_1)
[02/03/2025 10:55:54] ABeess won M?nh giáp [I] (ID: mnh_gip_i, Weight: 25.0) from Hòm M?nh Giáp [I] (ID: armor_shard_crate_1)
[02/03/2025 10:55:54] ABeess won M?nh giáp [I] (ID: mnh_gip_i, Weight: 25.0) from Hòm M?nh Giáp [I] (ID: armor_shard_crate_1)
[02/03/2025 10:55:55] ABeess won M?nh giáp [I] (ID: mnh_gip_i, Weight: 25.0) from Hòm M?nh Giáp [I] (ID: armor_shard_crate_1)
[02/03/2025 10:55:55] ABeess won M?nh giáp [I] (ID: mnh_gip_i, Weight: 25.0) from Hòm M?nh Giáp [I] (ID: armor_shard_crate_1)
[02/03/2025 10:55:57] ABeess won M?nh giáp [II] (ID: mnh_gip_ii, Weight: 25.0) from Hòm M?nh Giáp [II] (ID: armor_shard_crate_2)
[02/03/2025 10:56:01] ABeess won M?nh giáp [II] (ID: mnh_gip_ii, Weight: 25.0) from Hòm M?nh Giáp [II] (ID: armor_shard_crate_2)
[02/03/2025 10:56:04] ABeess won M?nh giáp [II] (ID: mnh_gip_ii, Weight: 25.0) from Hòm M?nh Giáp [II] (ID: armor_shard_crate_2)
[02/03/2025 10:56:07] ABeess won M?nh giáp [II] (ID: mnh_gip_ii, Weight: 25.0) from Hòm M?nh Giáp [II] (ID: armor_shard_crate_2)
[02/03/2025 10:56:11] ABeess won M?nh giáp [II] (ID: mnh_gip_ii, Weight: 25.0) from Hòm M?nh Giáp [II] (ID: armor_shard_crate_2)
[02/03/2025 10:56:14] ABeess won M?nh giáp [II] (ID: mnh_gip_ii, Weight: 25.0) from Hòm M?nh Giáp [II] (ID: armor_shard_crate_2)
[02/03/2025 10:56:18] ABeess won M?nh giáp [II] (ID: mnh_gip_ii, Weight: 25.0) from Hòm M?nh Giáp [II] (ID: armor_shard_crate_2)
[02/03/2025 10:56:21] ABeess won M?nh giáp [II] (ID: mnh_gip_ii, Weight: 25.0) from Hòm M?nh Giáp [II] (ID: armor_shard_crate_2)
[02/03/2025 10:56:24] ABeess won M?nh giáp [II] (ID: mnh_gip_ii, Weight: 25.0) from Hòm M?nh Giáp [II] (ID: armor_shard_crate_2)
[02/03/2025 10:59:34] ABeess won M?nh giáp [I] (ID: armor_shardi, Weight: 25.0) from Hòm M?nh Giáp [I] (ID: armor_shard_crate_1)
[02/03/2025 10:59:34] ABeess won M?nh giáp [I] (ID: armor_shardi, Weight: 25.0) from Hòm M?nh Giáp [I] (ID: armor_shard_crate_1)
[02/03/2025 10:59:36] ABeess won M?nh giáp [II] (ID: armor_shardii, Weight: 25.0) from Hòm M?nh Giáp [II] (ID: armor_shard_crate_2)
[02/03/2025 10:59:36] ABeess won M?nh giáp [II] (ID: armor_shardii, Weight: 25.0) from Hòm M?nh Giáp [II] (ID: armor_shard_crate_2)
[02/03/2025 10:59:36] ABeess won M?nh giáp [II] (ID: armor_shardii, Weight: 25.0) from Hòm M?nh Giáp [II] (ID: armor_shard_crate_2)
[02/03/2025 11:13:48] RayPVP666_VN won M?nh V? Khí [V] (ID: weapon_shard_v, Weight: 25.0) from Hòm M?nh v? khí [V] (ID: weapon_shard_crates_5)
[02/03/2025 11:13:56] RayPVP666_VN won M?nh V? Khí [V] (ID: weapon_shard_v, Weight: 25.0) from Hòm M?nh v? khí [V] (ID: weapon_shard_crates_5)
[02/03/2025 11:13:56] RayPVP666_VN won M?nh V? Khí [V] (ID: weapon_shard_v, Weight: 25.0) from Hòm M?nh v? khí [V] (ID: weapon_shard_crates_5)
[02/03/2025 11:13:56] RayPVP666_VN won M?nh V? Khí [V] (ID: weapon_shard_v, Weight: 25.0) from Hòm M?nh v? khí [V] (ID: weapon_shard_crates_5)
[02/03/2025 11:13:58] RayPVP666_VN won M?nh V? Khí [V] (ID: weapon_shard_v, Weight: 25.0) from Hòm M?nh v? khí [V] (ID: weapon_shard_crates_5)
[02/03/2025 11:13:58] RayPVP666_VN won M?nh V? Khí [V] (ID: weapon_shard_v, Weight: 25.0) from Hòm M?nh v? khí [V] (ID: weapon_shard_crates_5)
[02/03/2025 11:13:59] RayPVP666_VN won M?nh V? Khí [V] (ID: weapon_shard_v, Weight: 25.0) from Hòm M?nh v? khí [V] (ID: weapon_shard_crates_5)
[02/03/2025 11:13:59] RayPVP666_VN won M?nh V? Khí [V] (ID: weapon_shard_v, Weight: 25.0) from Hòm M?nh v? khí [V] (ID: weapon_shard_crates_5)
[02/03/2025 11:14:00] RayPVP666_VN won M?nh V? Khí [V] (ID: weapon_shard_v, Weight: 25.0) from Hòm M?nh v? khí [V] (ID: weapon_shard_crates_5)
[02/03/2025 11:14:00] RayPVP666_VN won M?nh V? Khí [V] (ID: weapon_shard_v, Weight: 25.0) from Hòm M?nh v? khí [V] (ID: weapon_shard_crates_5)
[02/03/2025 11:14:05] RayPVP666_VN won M?nh Trang S?c [V] (ID: jewelry_shard_v, Weight: 25.0) from Hòm M?nh trang s?c [V] (ID: jewelry_shard_5)
[02/03/2025 11:14:06] RayPVP666_VN won M?nh Trang S?c [V] (ID: jewelry_shard_v, Weight: 25.0) from Hòm M?nh trang s?c [V] (ID: jewelry_shard_5)
[02/03/2025 11:14:06] RayPVP666_VN won M?nh Trang S?c [V] (ID: jewelry_shard_v, Weight: 25.0) from Hòm M?nh trang s?c [V] (ID: jewelry_shard_5)
[02/03/2025 11:14:07] RayPVP666_VN won M?nh Trang S?c [V] (ID: jewelry_shard_v, Weight: 25.0) from Hòm M?nh trang s?c [V] (ID: jewelry_shard_5)
[02/03/2025 11:14:07] RayPVP666_VN won M?nh Trang S?c [V] (ID: jewelry_shard_v, Weight: 25.0) from Hòm M?nh trang s?c [V] (ID: jewelry_shard_5)
[02/03/2025 11:14:07] RayPVP666_VN won M?nh Trang S?c [V] (ID: jewelry_shard_v, Weight: 25.0) from Hòm M?nh trang s?c [V] (ID: jewelry_shard_5)
[02/03/2025 11:14:07] RayPVP666_VN won M?nh Trang S?c [V] (ID: jewelry_shard_v, Weight: 25.0) from Hòm M?nh trang s?c [V] (ID: jewelry_shard_5)
[02/03/2025 11:14:07] RayPVP666_VN won M?nh Trang S?c [V] (ID: jewelry_shard_v, Weight: 25.0) from Hòm M?nh trang s?c [V] (ID: jewelry_shard_5)
[02/03/2025 11:14:08] RayPVP666_VN won M?nh Trang S?c [V] (ID: jewelry_shard_v, Weight: 25.0) from Hòm M?nh trang s?c [V] (ID: jewelry_shard_5)
[02/03/2025 11:14:08] RayPVP666_VN won M?nh Trang S?c [V] (ID: jewelry_shard_v, Weight: 25.0) from Hòm M?nh trang s?c [V] (ID: jewelry_shard_5)
[02/03/2025 11:14:24] RayPVP666_VN won M?nh giáp [I] (ID: armor_shardi, Weight: 25.0) from Hòm M?nh Giáp [I] (ID: armor_shard_crate_1)
[02/03/2025 11:14:36] RayPVP666_VN won M?nh V? Khí [IV] (ID: weapon_shard_iv, Weight: 25.0) from Hòm M?nh v? khí [IV] (ID: weapon_shard_crates_4)
[02/03/2025 11:14:36] RayPVP666_VN won M?nh V? Khí [IV] (ID: weapon_shard_iv, Weight: 25.0) from Hòm M?nh v? khí [IV] (ID: weapon_shard_crates_4)
[02/03/2025 11:14:36] RayPVP666_VN won M?nh V? Khí [IV] (ID: weapon_shard_iv, Weight: 25.0) from Hòm M?nh v? khí [IV] (ID: weapon_shard_crates_4)
[02/03/2025 11:14:36] RayPVP666_VN won M?nh V? Khí [IV] (ID: weapon_shard_iv, Weight: 25.0) from Hòm M?nh v? khí [IV] (ID: weapon_shard_crates_4)
[02/03/2025 11:14:37] RayPVP666_VN won M?nh V? Khí [IV] (ID: weapon_shard_iv, Weight: 25.0) from Hòm M?nh v? khí [IV] (ID: weapon_shard_crates_4)
[02/03/2025 11:14:37] RayPVP666_VN won M?nh V? Khí [IV] (ID: weapon_shard_iv, Weight: 25.0) from Hòm M?nh v? khí [IV] (ID: weapon_shard_crates_4)
[02/03/2025 11:14:37] RayPVP666_VN won M?nh V? Khí [IV] (ID: weapon_shard_iv, Weight: 25.0) from Hòm M?nh v? khí [IV] (ID: weapon_shard_crates_4)
[02/03/2025 11:14:37] RayPVP666_VN won M?nh V? Khí [IV] (ID: weapon_shard_iv, Weight: 25.0) from Hòm M?nh v? khí [IV] (ID: weapon_shard_crates_4)
[02/03/2025 11:14:41] RayPVP666_VN won M?nh V? Khí [IV] (ID: weapon_shard_iv, Weight: 25.0) from Hòm M?nh v? khí [IV] (ID: weapon_shard_crates_4)
[02/03/2025 11:14:41] RayPVP666_VN won M?nh V? Khí [IV] (ID: weapon_shard_iv, Weight: 25.0) from Hòm M?nh v? khí [IV] (ID: weapon_shard_crates_4)
[02/03/2025 11:14:42] RayPVP666_VN won M?nh giáp [I] (ID: armor_shardi, Weight: 25.0) from Hòm M?nh Giáp [I] (ID: armor_shard_crate_1)
[02/03/2025 11:14:42] RayPVP666_VN won M?nh giáp [I] (ID: armor_shardi, Weight: 25.0) from Hòm M?nh Giáp [I] (ID: armor_shard_crate_1)
[02/03/2025 11:14:42] RayPVP666_VN won M?nh giáp [I] (ID: armor_shardi, Weight: 25.0) from Hòm M?nh Giáp [I] (ID: armor_shard_crate_1)
[02/03/2025 11:14:42] RayPVP666_VN won M?nh giáp [I] (ID: armor_shardi, Weight: 25.0) from Hòm M?nh Giáp [I] (ID: armor_shard_crate_1)
[02/03/2025 11:14:43] RayPVP666_VN won M?nh giáp [I] (ID: armor_shardi, Weight: 25.0) from Hòm M?nh Giáp [I] (ID: armor_shard_crate_1)
[02/03/2025 11:14:43] RayPVP666_VN won M?nh giáp [I] (ID: armor_shardi, Weight: 25.0) from Hòm M?nh Giáp [I] (ID: armor_shard_crate_1)
[02/03/2025 11:14:43] RayPVP666_VN won M?nh giáp [I] (ID: armor_shardi, Weight: 25.0) from Hòm M?nh Giáp [I] (ID: armor_shard_crate_1)
[02/03/2025 11:14:43] RayPVP666_VN won M?nh giáp [I] (ID: armor_shardi, Weight: 25.0) from Hòm M?nh Giáp [I] (ID: armor_shard_crate_1)
[02/03/2025 11:14:43] RayPVP666_VN won M?nh giáp [I] (ID: armor_shardi, Weight: 25.0) from Hòm M?nh Giáp [I] (ID: armor_shard_crate_1)
[02/03/2025 11:16:01] ABeess won M?nh giáp [I] (ID: armor_shardi, Weight: 25.0) from Hòm M?nh Giáp [I] (ID: armor_shard_crate_1)
[02/03/2025 11:16:02] ABeess won M?nh giáp [I] (ID: armor_shardi, Weight: 25.0) from Hòm M?nh Giáp [I] (ID: armor_shard_crate_1)
[02/03/2025 11:16:03] ABeess won M?nh giáp [I] (ID: armor_shardi, Weight: 25.0) from Hòm M?nh Giáp [I] (ID: armor_shard_crate_1)
[02/03/2025 11:16:03] ABeess won M?nh giáp [I] (ID: armor_shardi, Weight: 25.0) from Hòm M?nh Giáp [I] (ID: armor_shard_crate_1)
[02/03/2025 11:16:04] ABeess won M?nh giáp [I] (ID: armor_shardi, Weight: 25.0) from Hòm M?nh Giáp [I] (ID: armor_shard_crate_1)
[02/03/2025 11:16:05] ABeess won M?nh giáp [I] (ID: armor_shardi, Weight: 25.0) from Hòm M?nh Giáp [I] (ID: armor_shard_crate_1)
[02/03/2025 11:16:05] ABeess won M?nh giáp [I] (ID: armor_shardi, Weight: 25.0) from Hòm M?nh Giáp [I] (ID: armor_shard_crate_1)
[02/03/2025 11:16:06] ABeess won M?nh giáp [I] (ID: armor_shardi, Weight: 25.0) from Hòm M?nh Giáp [I] (ID: armor_shard_crate_1)
[02/03/2025 11:16:06] ABeess won M?nh giáp [I] (ID: armor_shardi, Weight: 25.0) from Hòm M?nh Giáp [I] (ID: armor_shard_crate_1)
[02/03/2025 11:16:07] ABeess won M?nh giáp [I] (ID: armor_shardi, Weight: 25.0) from Hòm M?nh Giáp [I] (ID: armor_shard_crate_1)
[02/03/2025 11:22:45] ABeess won M?nh V? Khí [V] (ID: weapon_shard_v, Weight: 25.0) from Hòm M?nh v? khí [V] (ID: weapon_shard_crates_5)
[02/03/2025 11:22:50] ABeess won M?nh V? Khí [V] (ID: weapon_shard_v, Weight: 25.0) from Hòm M?nh v? khí [V] (ID: weapon_shard_crates_5)
[02/03/2025 11:22:51] ABeess won M?nh V? Khí [V] (ID: weapon_shard_v, Weight: 25.0) from Hòm M?nh v? khí [V] (ID: weapon_shard_crates_5)
[02/03/2025 11:22:52] ABeess won M?nh V? Khí [V] (ID: weapon_shard_v, Weight: 25.0) from Hòm M?nh v? khí [V] (ID: weapon_shard_crates_5)
[02/03/2025 11:22:53] ABeess won M?nh V? Khí [V] (ID: weapon_shard_v, Weight: 25.0) from Hòm M?nh v? khí [V] (ID: weapon_shard_crates_5)
[02/03/2025 11:22:54] ABeess won M?nh V? Khí [V] (ID: weapon_shard_v, Weight: 25.0) from Hòm M?nh v? khí [V] (ID: weapon_shard_crates_5)
[02/03/2025 11:22:55] ABeess won M?nh V? Khí [V] (ID: weapon_shard_v, Weight: 25.0) from Hòm M?nh v? khí [V] (ID: weapon_shard_crates_5)
[02/03/2025 11:22:56] ABeess won M?nh V? Khí [V] (ID: weapon_shard_v, Weight: 25.0) from Hòm M?nh v? khí [V] (ID: weapon_shard_crates_5)
[02/03/2025 11:22:57] ABeess won M?nh V? Khí [V] (ID: weapon_shard_v, Weight: 25.0) from Hòm M?nh v? khí [V] (ID: weapon_shard_crates_5)
[02/03/2025 11:22:58] ABeess won M?nh V? Khí [V] (ID: weapon_shard_v, Weight: 25.0) from Hòm M?nh v? khí [V] (ID: weapon_shard_crates_5)
[02/03/2025 11:22:59] ABeess won M?nh V? Khí [V] (ID: weapon_shard_v, Weight: 25.0) from Hòm M?nh v? khí [V] (ID: weapon_shard_crates_5)
[02/03/2025 11:23:00] ABeess won M?nh V? Khí [V] (ID: weapon_shard_v, Weight: 25.0) from Hòm M?nh v? khí [V] (ID: weapon_shard_crates_5)
[02/03/2025 11:23:00] ABeess won M?nh V? Khí [V] (ID: weapon_shard_v, Weight: 25.0) from Hòm M?nh v? khí [V] (ID: weapon_shard_crates_5)
[02/03/2025 11:23:01] ABeess won M?nh V? Khí [V] (ID: weapon_shard_v, Weight: 25.0) from Hòm M?nh v? khí [V] (ID: weapon_shard_crates_5)
[02/03/2025 11:23:01] ABeess won M?nh V? Khí [V] (ID: weapon_shard_v, Weight: 25.0) from Hòm M?nh v? khí [V] (ID: weapon_shard_crates_5)
[02/03/2025 11:23:02] ABeess won M?nh V? Khí [V] (ID: weapon_shard_v, Weight: 25.0) from Hòm M?nh v? khí [V] (ID: weapon_shard_crates_5)
[02/03/2025 11:31:43] ABeess won M?nh giáp [I] (ID: armor_shardi, Weight: 25.0) from Hòm M?nh Giáp [I] (ID: armor_shard_crate_1)
[02/03/2025 11:31:46] ABeess won M?nh giáp [I] (ID: armor_shardi, Weight: 25.0) from Hòm M?nh Giáp [I] (ID: armor_shard_crate_1)
[02/03/2025 11:31:46] ABeess won M?nh giáp [I] (ID: armor_shardi, Weight: 25.0) from Hòm M?nh Giáp [I] (ID: armor_shard_crate_1)
[02/03/2025 11:31:47] ABeess won M?nh giáp [I] (ID: armor_shardi, Weight: 25.0) from Hòm M?nh Giáp [I] (ID: armor_shard_crate_1)
[02/03/2025 11:31:48] ABeess won M?nh giáp [I] (ID: armor_shardi, Weight: 25.0) from Hòm M?nh Giáp [I] (ID: armor_shard_crate_1)
[02/03/2025 11:31:48] ABeess won M?nh giáp [I] (ID: armor_shardi, Weight: 25.0) from Hòm M?nh Giáp [I] (ID: armor_shard_crate_1)
[02/03/2025 11:31:49] ABeess won M?nh giáp [I] (ID: armor_shardi, Weight: 25.0) from Hòm M?nh Giáp [I] (ID: armor_shard_crate_1)
[02/03/2025 11:31:49] ABeess won M?nh giáp [I] (ID: armor_shardi, Weight: 25.0) from Hòm M?nh Giáp [I] (ID: armor_shard_crate_1)
[02/03/2025 11:31:50] ABeess won M?nh giáp [I] (ID: armor_shardi, Weight: 25.0) from Hòm M?nh Giáp [I] (ID: armor_shard_crate_1)
[02/03/2025 11:33:13] ABeess won M?nh giáp [I] (ID: armor_shardi, Weight: 25.0) from Hòm M?nh Giáp [I] (ID: armor_shard_crate_1)
[02/03/2025 11:33:26] ABeess won M?nh giáp [I] (ID: armor_shardi, Weight: 25.0) from Hòm M?nh Giáp [I] (ID: armor_shard_crate_1)
[02/03/2025 11:35:47] ABeess won M?nh giáp [I] (ID: armor_shardi, Weight: 25.0) from Hòm M?nh Giáp [I] (ID: armor_shard_crate_1)
[02/03/2025 11:35:51] ABeess won M?nh giáp [I] (ID: armor_shardi, Weight: 25.0) from Hòm M?nh Giáp [I] (ID: armor_shard_crate_1)
[02/03/2025 11:35:54] ABeess won M?nh giáp [I] (ID: armor_shardi, Weight: 25.0) from Hòm M?nh Giáp [I] (ID: armor_shard_crate_1)
[02/03/2025 11:35:56] ABeess won M?nh giáp [I] (ID: armor_shardi, Weight: 25.0) from Hòm M?nh Giáp [I] (ID: armor_shard_crate_1)
[02/03/2025 11:35:56] ABeess won M?nh giáp [I] (ID: armor_shardi, Weight: 25.0) from Hòm M?nh Giáp [I] (ID: armor_shard_crate_1)
[02/03/2025 11:35:57] ABeess won M?nh giáp [I] (ID: armor_shardi, Weight: 25.0) from Hòm M?nh Giáp [I] (ID: armor_shard_crate_1)
[02/03/2025 11:35:57] ABeess won M?nh giáp [I] (ID: armor_shardi, Weight: 25.0) from Hòm M?nh Giáp [I] (ID: armor_shard_crate_1)
[02/03/2025 11:35:58] ABeess won M?nh giáp [I] (ID: armor_shardi, Weight: 25.0) from Hòm M?nh Giáp [I] (ID: armor_shard_crate_1)
[02/03/2025 11:35:59] ABeess won M?nh giáp [I] (ID: armor_shardi, Weight: 25.0) from Hòm M?nh Giáp [I] (ID: armor_shard_crate_1)
[02/03/2025 12:04:06] ABeess won Nanh S?t (ID: nanh_st, Weight: 25.0) from Armor Crates 1 Crate (ID: armor_crates_1)
[02/03/2025 12:08:26] ABeess won Nanh S?t (ID: nanh_st, Weight: 25.0) from Armor Crates 1 Crate (ID: armor_crates_1)
[02/03/2025 12:08:36] ABeess won H?n Mang Ki?m (ID: hn_mang_kim, Weight: 25.0) from Armor Crates 1 Crate (ID: armor_crates_1)
[02/03/2025 12:08:38] ABeess won Nanh S?t (ID: nanh_st, Weight: 25.0) from Armor Crates 1 Crate (ID: armor_crates_1)
[02/03/2025 12:08:40] ABeess won Nanh S?t (ID: nanh_st, Weight: 25.0) from Armor Crates 1 Crate (ID: armor_crates_1)
[02/03/2025 12:08:41] ABeess won H?n Mang Ki?m (ID: hn_mang_kim, Weight: 25.0) from Armor Crates 1 Crate (ID: armor_crates_1)
[02/03/2025 12:08:42] ABeess won Nanh S?t (ID: nanh_st, Weight: 25.0) from Armor Crates 1 Crate (ID: armor_crates_1)
[02/03/2025 13:31:56] ABeess won Hòm M?nh Giáp [IV] (ID: hm_mnh_gip_iv, Weight: 25.0) from Armor Crates Crate (ID: armor_crates)
[02/03/2025 13:32:00] ABeess won Hòm M?nh Giáp [II] (ID: hm_mnh_gip_ii, Weight: 25.0) from Armor Crates Crate (ID: armor_crates)
[02/03/2025 13:32:04] ABeess won M?nh giáp [IV] (ID: armor_shardiv, Weight: 25.0) from M?nh giáp [IV] (ID: armor_shard_crate_4)
[02/03/2025 13:32:04] ABeess won M?nh giáp [II] (ID: armor_shardii, Weight: 25.0) from Hòm M?nh Giáp [II] (ID: armor_shard_crate_2)
[02/03/2025 13:36:54] ABeess won Hòm M?nh Giáp [III] (ID: hm_mnh_gip_iii, Weight: 25.0) from Armor Crates Crate (ID: armor_crates)
[02/03/2025 13:42:56] ABeess won Hòm M?nh Giáp [IV] (ID: hm_mnh_gip_iv, Weight: 25.0) from Armor Crates Crate (ID: armor_crates)
[02/03/2025 13:43:13] ABeess won Hòm M?nh Giáp [V] (ID: hm_mnh_gip_v, Weight: 25.0) from Armor Crates Crate (ID: armor_crates)
[02/03/2025 13:43:35] ABeess won Hòm M?nh Giáp [III] (ID: hm_mnh_gip_iii, Weight: 25.0) from Armor Crates Crate (ID: armor_crates)
[02/03/2025 13:44:35] ABeess won Hòm Giáp [III] (ID: hm_gip_iii, Weight: 25.0) from Armor Crates Crate (ID: armor_crates)
[02/03/2025 13:44:41] ABeess won Hòm M?nh Giáp [II] (ID: hm_mnh_gip_ii, Weight: 25.0) from Armor Crates Crate (ID: armor_crates)
[02/03/2025 13:45:00] ABeess won Hòm Giáp [I] (ID: hm_gip_i, Weight: 25.0) from Armor Crates Crate (ID: armor_crates)
[02/03/2025 13:46:50] ABeess won Hòm Giáp [I] (ID: hm_gip_i, Weight: 25.0) from Armor Crates Crate (ID: armor_crates)
[02/03/2025 13:47:08] ABeess won Hòm Giáp [I] (ID: hm_gip_i, Weight: 25.0) from Armor Crates Crate (ID: armor_crates)
[02/03/2025 13:52:25] ABeess won Hòm Giáp [IV] (ID: hm_gip_iv, Weight: 25.0) from 123123 (ID: armor_crates)
[02/03/2025 14:14:23] ABeess won Hòm Giáp [III] (ID: hm_gip_iii, Weight: 25.0) from ARMOR (ID: armor_crates)
[02/03/2025 15:10:35] ABeess won Hòm Giáp [I] (ID: hm_gip_i, Weight: 25.0) from ARMOR CRATES (ID: armor_crates)
[02/03/2025 15:12:49] ABeess won Hòm M?nh Giáp [V] (ID: hm_mnh_gip_v, Weight: 25.0) from ARMOR CRATES (ID: armor_crates)
[02/03/2025 17:21:50] ABeess won Hòm M?nh Giáp [IV] (ID: hm_mnh_gip_iv, Weight: 25.0) from ARMOR CRATES (ID: armor_crates)
[02/03/2025 17:21:50] ABeess won Hòm M?nh Giáp [III] (ID: hm_mnh_gip_iii, Weight: 25.0) from ARMOR CRATES (ID: armor_crates)
[02/03/2025 17:21:50] ABeess won Hòm Giáp [IV] (ID: hm_gip_iv, Weight: 25.0) from ARMOR CRATES (ID: armor_crates)
[02/03/2025 17:21:50] ABeess won Hòm M?nh Giáp [I] (ID: hm_mnh_gip_i, Weight: 25.0) from ARMOR CRATES (ID: armor_crates)
[02/03/2025 17:22:19] ABeess won M?nh giáp [IV] (ID: armor_shardiv, Weight: 25.0) from M?nh giáp [IV] (ID: armor_shard_crate_4)
[02/03/2025 17:22:20] ABeess won M?nh giáp [III] (ID: armor_shardiii, Weight: 25.0) from Hòm M?nh Giáp [III] (ID: armor_shard_crate_3)
[02/03/2025 17:22:22] ABeess won M?nh giáp [I] (ID: armor_shardi, Weight: 25.0) from Hòm M?nh Giáp [I] (ID: armor_shard_crate_1)
[02/03/2025 19:21:12] ABeess won Hòm Giáp [IV] (ID: hm_gip_iv, Weight: 25.0) from ARMOR CRATES (ID: armor_crates)
[02/03/2025 19:21:12] ABeess won Hòm Giáp [IV] (ID: hm_gip_iv, Weight: 25.0) from ARMOR CRATES (ID: armor_crates)
[02/03/2025 19:21:12] ABeess won Hòm M?nh Giáp [V] (ID: hm_mnh_gip_v1, Weight: 25.0) from ARMOR CRATES (ID: armor_crates)
[02/03/2025 19:21:12] ABeess won Hòm M?nh Giáp [I] (ID: hm_mnh_gip_i, Weight: 25.0) from ARMOR CRATES (ID: armor_crates)
[02/03/2025 19:21:12] ABeess won Hòm Giáp [I] (ID: hm_gip_i, Weight: 25.0) from ARMOR CRATES (ID: armor_crates)
[02/03/2025 19:21:12] ABeess won Hòm M?nh Giáp [V] (ID: hm_mnh_gip_v1, Weight: 25.0) from ARMOR CRATES (ID: armor_crates)
[02/03/2025 19:21:12] ABeess won Hòm M?nh Giáp [V] (ID: hm_mnh_gip_v, Weight: 25.0) from ARMOR CRATES (ID: armor_crates)
[02/03/2025 19:21:12] ABeess won Hòm M?nh Giáp [I] (ID: hm_mnh_gip_i, Weight: 25.0) from ARMOR CRATES (ID: armor_crates)
[02/03/2025 19:21:12] ABeess won Hòm M?nh Giáp [V] (ID: hm_mnh_gip_v, Weight: 25.0) from ARMOR CRATES (ID: armor_crates)
[02/03/2025 19:21:12] ABeess won Hòm M?nh Giáp [III] (ID: hm_mnh_gip_iii, Weight: 25.0) from ARMOR CRATES (ID: armor_crates)
[02/03/2025 19:59:31] ABeess won Hòm M?nh v? khí [III] (ID: hm_mnh_v_kh_iii, Weight: 25.0) from WEAPON CREATES (ID: weapon_crates)
[02/03/2025 19:59:34] ABeess won Hòm V? Khí [I] (ID: hm_v_kh_i, Weight: 25.0) from WEAPON CREATES (ID: weapon_crates)
[02/03/2025 19:59:34] ABeess won Hòm V? Khí [I] (ID: hm_v_kh_i, Weight: 25.0) from WEAPON CREATES (ID: weapon_crates)
[02/03/2025 19:59:34] ABeess won Hòm v? khí [III] (ID: hm_v_kh_iii, Weight: 25.0) from WEAPON CREATES (ID: weapon_crates)
[02/03/2025 19:59:34] ABeess won Hòm v? khí [V] (ID: hm_v_kh_v, Weight: 25.0) from WEAPON CREATES (ID: weapon_crates)
[02/03/2025 19:59:34] ABeess won Hòm v? khí [IV] (ID: hm_v_kh_iv, Weight: 25.0) from WEAPON CREATES (ID: weapon_crates)
[02/03/2025 19:59:34] ABeess won Hòm M?nh V? Khí [I] (ID: hm_mnh_v_kh_i, Weight: 25.0) from WEAPON CREATES (ID: weapon_crates)
[02/03/2025 19:59:34] ABeess won Hòm v? khí [III] (ID: hm_v_kh_iii, Weight: 25.0) from WEAPON CREATES (ID: weapon_crates)
[02/03/2025 19:59:34] ABeess won Hòm v? khí [V] (ID: hm_v_kh_v, Weight: 25.0) from WEAPON CREATES (ID: weapon_crates)
[02/03/2025 19:59:34] ABeess won Hòm M?nh v? khí [II] (ID: hm_mnh_v_kh_ii, Weight: 25.0) from WEAPON CREATES (ID: weapon_crates)
[02/03/2025 19:59:34] ABeess won Hòm M?nh v? khí [IV] (ID: hm_mnh_v_kh_iv, Weight: 25.0) from WEAPON CREATES (ID: weapon_crates)
[02/03/2025 19:59:34] ABeess won Hòm v? khí [V] (ID: hm_v_kh_v, Weight: 25.0) from WEAPON CREATES (ID: weapon_crates)
[02/03/2025 19:59:34] ABeess won Hòm M?nh V? Khí [I] (ID: hm_mnh_v_kh_i, Weight: 25.0) from WEAPON CREATES (ID: weapon_crates)
[02/03/2025 19:59:34] ABeess won Hòm M?nh v? khí [IV] (ID: hm_mnh_v_kh_iv, Weight: 25.0) from WEAPON CREATES (ID: weapon_crates)
[02/03/2025 19:59:34] ABeess won Hòm v? khí [IV] (ID: hm_v_kh_iv, Weight: 25.0) from WEAPON CREATES (ID: weapon_crates)
[02/03/2025 19:59:34] ABeess won Hòm M?nh v? khí [III] (ID: hm_mnh_v_kh_iii, Weight: 25.0) from WEAPON CREATES (ID: weapon_crates)
[02/03/2025 19:59:34] ABeess won Hòm M?nh v? khí [IV] (ID: hm_mnh_v_kh_iv, Weight: 25.0) from WEAPON CREATES (ID: weapon_crates)
[02/03/2025 19:59:34] ABeess won Hòm v? khí [IV] (ID: hm_v_kh_iv, Weight: 25.0) from WEAPON CREATES (ID: weapon_crates)
[02/03/2025 19:59:34] ABeess won Hòm v? khí [IV] (ID: hm_v_kh_iv, Weight: 25.0) from WEAPON CREATES (ID: weapon_crates)
[02/03/2025 19:59:34] ABeess won Hòm M?nh v? khí [V] (ID: hm_mnh_v_kh_v, Weight: 25.0) from WEAPON CREATES (ID: weapon_crates)
[02/03/2025 19:59:34] ABeess won Hòm v? khí [III] (ID: hm_v_kh_iii, Weight: 25.0) from WEAPON CREATES (ID: weapon_crates)
[02/03/2025 19:59:34] ABeess won Hòm M?nh V? Khí [I] (ID: hm_mnh_v_kh_i, Weight: 25.0) from WEAPON CREATES (ID: weapon_crates)
[02/03/2025 19:59:34] ABeess won Hòm v? khí [II] (ID: hm_v_kh_ii, Weight: 25.0) from WEAPON CREATES (ID: weapon_crates)
[02/03/2025 19:59:34] ABeess won Hòm M?nh v? khí [II] (ID: hm_mnh_v_kh_ii, Weight: 25.0) from WEAPON CREATES (ID: weapon_crates)
[02/03/2025 19:59:34] ABeess won Hòm M?nh v? khí [III] (ID: hm_mnh_v_kh_iii, Weight: 25.0) from WEAPON CREATES (ID: weapon_crates)
[02/03/2025 19:59:34] ABeess won Hòm v? khí [III] (ID: hm_v_kh_iii, Weight: 25.0) from WEAPON CREATES (ID: weapon_crates)
[02/03/2025 19:59:34] ABeess won Hòm M?nh v? khí [V] (ID: hm_mnh_v_kh_v, Weight: 25.0) from WEAPON CREATES (ID: weapon_crates)
[02/03/2025 19:59:34] ABeess won Hòm M?nh v? khí [III] (ID: hm_mnh_v_kh_iii, Weight: 25.0) from WEAPON CREATES (ID: weapon_crates)
[02/03/2025 19:59:34] ABeess won Hòm V? Khí [I] (ID: hm_v_kh_i, Weight: 25.0) from WEAPON CREATES (ID: weapon_crates)
[02/03/2025 19:59:34] ABeess won Hòm M?nh V? Khí [I] (ID: hm_mnh_v_kh_i, Weight: 25.0) from WEAPON CREATES (ID: weapon_crates)
[02/03/2025 19:59:34] ABeess won Hòm M?nh V? Khí [I] (ID: hm_mnh_v_kh_i, Weight: 25.0) from WEAPON CREATES (ID: weapon_crates)
[02/03/2025 19:59:38] ABeess won M?nh V? Khí [I] (ID: weapon_shard_i, Weight: 25.0) from Hòm M?nh V? Khí [I] (ID: weapon_shard_crates_1)
[02/03/2025 19:59:43] ABeess won Valentine Hat (ID: valentine_hat, Weight: 25.0) from Hòm V? Khí [I] (ID: weapon_crates_1)
[02/03/2025 19:59:47] ABeess won Valentine Hat (ID: valentine_hat, Weight: 25.0) from Hòm V? Khí [I] (ID: weapon_crates_1)
[02/03/2025 19:59:48] ABeess won Valentine Hat (ID: valentine_hat, Weight: 25.0) from Hòm V? Khí [I] (ID: weapon_crates_1)
[02/03/2025 19:59:57] ABeess won Hòm M?nh v? khí [II] (ID: hm_mnh_v_kh_ii, Weight: 25.0) from WEAPON CREATES (ID: weapon_crates)
[02/03/2025 19:59:57] ABeess won Hòm M?nh v? khí [III] (ID: hm_mnh_v_kh_iii, Weight: 25.0) from WEAPON CREATES (ID: weapon_crates)
[02/03/2025 19:59:57] ABeess won Hòm v? khí [IV] (ID: hm_v_kh_iv, Weight: 25.0) from WEAPON CREATES (ID: weapon_crates)
[02/03/2025 19:59:57] ABeess won Hòm M?nh v? khí [V] (ID: hm_mnh_v_kh_v, Weight: 25.0) from WEAPON CREATES (ID: weapon_crates)
[02/03/2025 19:59:57] ABeess won Hòm M?nh v? khí [II] (ID: hm_mnh_v_kh_ii, Weight: 25.0) from WEAPON CREATES (ID: weapon_crates)
[02/03/2025 19:59:57] ABeess won Hòm M?nh V? Khí [I] (ID: hm_mnh_v_kh_i, Weight: 25.0) from WEAPON CREATES (ID: weapon_crates)
[02/03/2025 19:59:57] ABeess won Hòm M?nh v? khí [IV] (ID: hm_mnh_v_kh_iv, Weight: 25.0) from WEAPON CREATES (ID: weapon_crates)
[02/03/2025 19:59:57] ABeess won Hòm v? khí [IV] (ID: hm_v_kh_iv, Weight: 25.0) from WEAPON CREATES (ID: weapon_crates)
[02/03/2025 19:59:57] ABeess won Hòm v? khí [II] (ID: hm_v_kh_ii, Weight: 25.0) from WEAPON CREATES (ID: weapon_crates)
[02/03/2025 19:59:57] ABeess won Hòm v? khí [II] (ID: hm_v_kh_ii, Weight: 25.0) from WEAPON CREATES (ID: weapon_crates)
[02/03/2025 19:59:57] ABeess won Hòm v? khí [II] (ID: hm_v_kh_ii, Weight: 25.0) from WEAPON CREATES (ID: weapon_crates)
[02/03/2025 19:59:57] ABeess won Hòm M?nh v? khí [III] (ID: hm_mnh_v_kh_iii, Weight: 25.0) from WEAPON CREATES (ID: weapon_crates)
[02/03/2025 19:59:57] ABeess won Hòm v? khí [II] (ID: hm_v_kh_ii, Weight: 25.0) from WEAPON CREATES (ID: weapon_crates)
[02/03/2025 19:59:57] ABeess won Hòm M?nh V? Khí [I] (ID: hm_mnh_v_kh_i, Weight: 25.0) from WEAPON CREATES (ID: weapon_crates)
[02/03/2025 19:59:57] ABeess won Hòm v? khí [IV] (ID: hm_v_kh_iv, Weight: 25.0) from WEAPON CREATES (ID: weapon_crates)
[02/03/2025 19:59:57] ABeess won Hòm M?nh v? khí [V] (ID: hm_mnh_v_kh_v, Weight: 25.0) from WEAPON CREATES (ID: weapon_crates)
[02/03/2025 19:59:57] ABeess won Hòm M?nh V? Khí [I] (ID: hm_mnh_v_kh_i, Weight: 25.0) from WEAPON CREATES (ID: weapon_crates)
[02/03/2025 19:59:57] ABeess won Hòm M?nh v? khí [IV] (ID: hm_mnh_v_kh_iv, Weight: 25.0) from WEAPON CREATES (ID: weapon_crates)
[02/03/2025 19:59:57] ABeess won Hòm v? khí [II] (ID: hm_v_kh_ii, Weight: 25.0) from WEAPON CREATES (ID: weapon_crates)
[02/03/2025 19:59:57] ABeess won Hòm V? Khí [I] (ID: hm_v_kh_i, Weight: 25.0) from WEAPON CREATES (ID: weapon_crates)
[02/03/2025 19:59:57] ABeess won Hòm M?nh v? khí [III] (ID: hm_mnh_v_kh_iii, Weight: 25.0) from WEAPON CREATES (ID: weapon_crates)
[02/03/2025 19:59:57] ABeess won Hòm M?nh v? khí [II] (ID: hm_mnh_v_kh_ii, Weight: 25.0) from WEAPON CREATES (ID: weapon_crates)
[02/03/2025 19:59:57] ABeess won Hòm M?nh V? Khí [I] (ID: hm_mnh_v_kh_i, Weight: 25.0) from WEAPON CREATES (ID: weapon_crates)
[02/03/2025 19:59:57] ABeess won Hòm M?nh V? Khí [I] (ID: hm_mnh_v_kh_i, Weight: 25.0) from WEAPON CREATES (ID: weapon_crates)
[02/03/2025 19:59:57] ABeess won Hòm v? khí [III] (ID: hm_v_kh_iii, Weight: 25.0) from WEAPON CREATES (ID: weapon_crates)
[02/03/2025 19:59:57] ABeess won Hòm M?nh v? khí [III] (ID: hm_mnh_v_kh_iii, Weight: 25.0) from WEAPON CREATES (ID: weapon_crates)
[02/03/2025 19:59:57] ABeess won Hòm M?nh v? khí [II] (ID: hm_mnh_v_kh_ii, Weight: 25.0) from WEAPON CREATES (ID: weapon_crates)
[02/03/2025 19:59:57] ABeess won Hòm v? khí [IV] (ID: hm_v_kh_iv, Weight: 25.0) from WEAPON CREATES (ID: weapon_crates)
[02/03/2025 19:59:57] ABeess won Hòm M?nh v? khí [V] (ID: hm_mnh_v_kh_v, Weight: 25.0) from WEAPON CREATES (ID: weapon_crates)
[02/03/2025 19:59:57] ABeess won Hòm M?nh v? khí [IV] (ID: hm_mnh_v_kh_iv, Weight: 25.0) from WEAPON CREATES (ID: weapon_crates)
[02/03/2025 19:59:58] ABeess won M?nh V? Khí [III] (ID: weapon_shard_iii, Weight: 25.0) from Hòm M?nh v? khí [III] (ID: weapon_shard_crates_3)
[02/03/2025 19:59:59] ABeess won M?nh V? Khí [III] (ID: weapon_shard_iii, Weight: 25.0) from Hòm M?nh v? khí [III] (ID: weapon_shard_crates_3)
[02/03/2025 20:00:00] ABeess won M?nh V? Khí [III] (ID: weapon_shard_iii, Weight: 25.0) from Hòm M?nh v? khí [III] (ID: weapon_shard_crates_3)
[02/03/2025 20:00:01] ABeess won M?nh V? Khí [III] (ID: weapon_shard_iii, Weight: 25.0) from Hòm M?nh v? khí [III] (ID: weapon_shard_crates_3)
[02/03/2025 20:00:01] ABeess won Hòm V? Khí [I] (ID: hm_v_kh_i, Weight: 25.0) from WEAPON CREATES (ID: weapon_crates)
[02/03/2025 20:00:02] ABeess won Hòm V? Khí [I] (ID: hm_v_kh_i, Weight: 25.0) from WEAPON CREATES (ID: weapon_crates)
[02/03/2025 20:00:02] ABeess won Hòm M?nh V? Khí [I] (ID: hm_mnh_v_kh_i, Weight: 25.0) from WEAPON CREATES (ID: weapon_crates)
[02/03/2025 20:00:02] ABeess won Hòm M?nh v? khí [II] (ID: hm_mnh_v_kh_ii, Weight: 25.0) from WEAPON CREATES (ID: weapon_crates)
[02/03/2025 20:00:02] ABeess won Hòm M?nh V? Khí [I] (ID: hm_mnh_v_kh_i, Weight: 25.0) from WEAPON CREATES (ID: weapon_crates)
[02/03/2025 20:00:02] ABeess won Hòm V? Khí [I] (ID: hm_v_kh_i, Weight: 25.0) from WEAPON CREATES (ID: weapon_crates)
[02/03/2025 20:00:02] ABeess won Hòm M?nh V? Khí [I] (ID: hm_mnh_v_kh_i, Weight: 25.0) from WEAPON CREATES (ID: weapon_crates)
[02/03/2025 20:00:02] ABeess won Hòm M?nh v? khí [II] (ID: hm_mnh_v_kh_ii, Weight: 25.0) from WEAPON CREATES (ID: weapon_crates)
[02/03/2025 20:00:02] ABeess won Hòm M?nh V? Khí [I] (ID: hm_mnh_v_kh_i, Weight: 25.0) from WEAPON CREATES (ID: weapon_crates)
[02/03/2025 20:00:02] ABeess won Hòm M?nh v? khí [II] (ID: hm_mnh_v_kh_ii, Weight: 25.0) from WEAPON CREATES (ID: weapon_crates)
[02/03/2025 20:00:02] ABeess won Hòm M?nh v? khí [V] (ID: hm_mnh_v_kh_v, Weight: 25.0) from WEAPON CREATES (ID: weapon_crates)
[02/03/2025 20:00:02] ABeess won Hòm v? khí [III] (ID: hm_v_kh_iii, Weight: 25.0) from WEAPON CREATES (ID: weapon_crates)
[02/03/2025 20:00:02] ABeess won Hòm M?nh V? Khí [I] (ID: hm_mnh_v_kh_i, Weight: 25.0) from WEAPON CREATES (ID: weapon_crates)
[02/03/2025 20:00:02] ABeess won Hòm M?nh v? khí [II] (ID: hm_mnh_v_kh_ii, Weight: 25.0) from WEAPON CREATES (ID: weapon_crates)
[02/03/2025 20:00:02] ABeess won Hòm M?nh v? khí [IV] (ID: hm_mnh_v_kh_iv, Weight: 25.0) from WEAPON CREATES (ID: weapon_crates)
[02/03/2025 20:00:02] ABeess won Hòm v? khí [III] (ID: hm_v_kh_iii, Weight: 25.0) from WEAPON CREATES (ID: weapon_crates)
[02/03/2025 20:00:02] ABeess won Hòm M?nh v? khí [II] (ID: hm_mnh_v_kh_ii, Weight: 25.0) from WEAPON CREATES (ID: weapon_crates)
[02/03/2025 20:00:02] ABeess won Hòm v? khí [IV] (ID: hm_v_kh_iv, Weight: 25.0) from WEAPON CREATES (ID: weapon_crates)
[02/03/2025 20:00:02] ABeess won Hòm v? khí [V] (ID: hm_v_kh_v, Weight: 25.0) from WEAPON CREATES (ID: weapon_crates)
[02/03/2025 20:00:02] ABeess won Hòm V? Khí [I] (ID: hm_v_kh_i, Weight: 25.0) from WEAPON CREATES (ID: weapon_crates)
[02/03/2025 20:00:02] ABeess won Hòm v? khí [IV] (ID: hm_v_kh_iv, Weight: 25.0) from WEAPON CREATES (ID: weapon_crates)
[02/03/2025 20:00:02] ABeess won Hòm v? khí [IV] (ID: hm_v_kh_iv, Weight: 25.0) from WEAPON CREATES (ID: weapon_crates)
[02/03/2025 20:00:02] ABeess won Hòm M?nh V? Khí [I] (ID: hm_mnh_v_kh_i, Weight: 25.0) from WEAPON CREATES (ID: weapon_crates)
[02/03/2025 20:00:02] ABeess won Hòm v? khí [V] (ID: hm_v_kh_v, Weight: 25.0) from WEAPON CREATES (ID: weapon_crates)
[02/03/2025 20:00:02] ABeess won Hòm v? khí [III] (ID: hm_v_kh_iii, Weight: 25.0) from WEAPON CREATES (ID: weapon_crates)
[02/03/2025 20:00:02] ABeess won Hòm M?nh v? khí [II] (ID: hm_mnh_v_kh_ii, Weight: 25.0) from WEAPON CREATES (ID: weapon_crates)
[02/03/2025 20:00:02] ABeess won Hòm M?nh v? khí [II] (ID: hm_mnh_v_kh_ii, Weight: 25.0) from WEAPON CREATES (ID: weapon_crates)
[02/03/2025 20:00:02] ABeess won Hòm M?nh v? khí [II] (ID: hm_mnh_v_kh_ii, Weight: 25.0) from WEAPON CREATES (ID: weapon_crates)
[02/03/2025 20:00:02] ABeess won Hòm v? khí [V] (ID: hm_v_kh_v, Weight: 25.0) from WEAPON CREATES (ID: weapon_crates)
[02/03/2025 20:00:02] ABeess won Hòm M?nh v? khí [II] (ID: hm_mnh_v_kh_ii, Weight: 25.0) from WEAPON CREATES (ID: weapon_crates)
[02/03/2025 20:00:07] ABeess won Hòm M?nh v? khí [III] (ID: hm_mnh_v_kh_iii, Weight: 25.0) from WEAPON CREATES (ID: weapon_crates)
[02/03/2025 20:00:07] ABeess won Hòm M?nh v? khí [V] (ID: hm_mnh_v_kh_v, Weight: 25.0) from WEAPON CREATES (ID: weapon_crates)
[02/03/2025 20:00:07] ABeess won Hòm M?nh v? khí [V] (ID: hm_mnh_v_kh_v, Weight: 25.0) from WEAPON CREATES (ID: weapon_crates)
[02/03/2025 20:00:07] ABeess won Hòm v? khí [IV] (ID: hm_v_kh_iv, Weight: 25.0) from WEAPON CREATES (ID: weapon_crates)
[02/03/2025 20:00:07] ABeess won Hòm M?nh V? Khí [I] (ID: hm_mnh_v_kh_i, Weight: 25.0) from WEAPON CREATES (ID: weapon_crates)
[02/03/2025 20:00:07] ABeess won Hòm v? khí [IV] (ID: hm_v_kh_iv, Weight: 25.0) from WEAPON CREATES (ID: weapon_crates)
[02/03/2025 20:00:07] ABeess won Hòm M?nh V? Khí [I] (ID: hm_mnh_v_kh_i, Weight: 25.0) from WEAPON CREATES (ID: weapon_crates)
[02/03/2025 20:00:07] ABeess won Hòm V? Khí [I] (ID: hm_v_kh_i, Weight: 25.0) from WEAPON CREATES (ID: weapon_crates)
[02/03/2025 20:00:07] ABeess won Hòm v? khí [V] (ID: hm_v_kh_v, Weight: 25.0) from WEAPON CREATES (ID: weapon_crates)
[05/03/2025 08:56:28] ABeess won Hòm Giáp [III] (ID: hm_gip_iii, Weight: 25.0) from ARMOR CRATES (ID: armor_crates)
[05/03/2025 08:56:28] ABeess won Hòm M?nh Giáp [IV] (ID: hm_mnh_gip_iv, Weight: 25.0) from ARMOR CRATES (ID: armor_crates)
[05/03/2025 08:56:28] ABeess won Hòm M?nh Giáp [III] (ID: hm_mnh_gip_iii, Weight: 25.0) from ARMOR CRATES (ID: armor_crates)
[05/03/2025 08:56:28] ABeess won Hòm Giáp [III] (ID: hm_gip_iii, Weight: 25.0) from ARMOR CRATES (ID: armor_crates)
[05/03/2025 08:56:28] ABeess won Hòm M?nh Giáp [V] (ID: hm_mnh_gip_v, Weight: 25.0) from ARMOR CRATES (ID: armor_crates)
[05/03/2025 08:56:28] ABeess won Hòm Giáp [III] (ID: hm_gip_iii, Weight: 25.0) from ARMOR CRATES (ID: armor_crates)
[05/03/2025 08:56:28] ABeess won Hòm M?nh Giáp [II] (ID: hm_mnh_gip_ii, Weight: 25.0) from ARMOR CRATES (ID: armor_crates)
[05/03/2025 08:56:28] ABeess won Hòm M?nh Giáp [III] (ID: hm_mnh_gip_iii, Weight: 25.0) from ARMOR CRATES (ID: armor_crates)
[05/03/2025 08:56:28] ABeess won Hòm M?nh Giáp [IV] (ID: hm_mnh_gip_iv, Weight: 25.0) from ARMOR CRATES (ID: armor_crates)
[05/03/2025 08:56:28] ABeess won Hòm M?nh Giáp [II] (ID: hm_mnh_gip_ii, Weight: 25.0) from ARMOR CRATES (ID: armor_crates)
[05/03/2025 08:56:28] ABeess won Hòm M?nh Giáp [II] (ID: hm_mnh_gip_ii, Weight: 25.0) from ARMOR CRATES (ID: armor_crates)
[05/03/2025 08:56:28] ABeess won Hòm M?nh Giáp [V] (ID: hm_mnh_gip_v, Weight: 25.0) from ARMOR CRATES (ID: armor_crates)
[05/03/2025 08:56:28] ABeess won Hòm Giáp [I] (ID: hm_gip_i, Weight: 25.0) from ARMOR CRATES (ID: armor_crates)
[05/03/2025 08:56:28] ABeess won Hòm M?nh Giáp [I] (ID: hm_mnh_gip_i, Weight: 25.0) from ARMOR CRATES (ID: armor_crates)
[05/03/2025 08:56:28] ABeess won Hòm M?nh Giáp [IV] (ID: hm_mnh_gip_iv, Weight: 25.0) from ARMOR CRATES (ID: armor_crates)
[05/03/2025 08:56:28] ABeess won Hòm M?nh Giáp [II] (ID: hm_mnh_gip_ii, Weight: 25.0) from ARMOR CRATES (ID: armor_crates)
[05/03/2025 08:56:28] ABeess won Hòm M?nh Giáp [I] (ID: hm_mnh_gip_i, Weight: 25.0) from ARMOR CRATES (ID: armor_crates)
[05/03/2025 08:56:28] ABeess won Hòm M?nh Giáp [I] (ID: hm_mnh_gip_i, Weight: 25.0) from ARMOR CRATES (ID: armor_crates)
[05/03/2025 08:56:28] ABeess won Hòm Giáp [IV] (ID: hm_gip_iv, Weight: 25.0) from ARMOR CRATES (ID: armor_crates)
[05/03/2025 08:56:28] ABeess won Hòm Giáp [III] (ID: hm_gip_iii, Weight: 25.0) from ARMOR CRATES (ID: armor_crates)
[05/03/2025 08:56:28] ABeess won Hòm Giáp [II] (ID: hm_gip_ii, Weight: 25.0) from ARMOR CRATES (ID: armor_crates)
[05/03/2025 08:56:28] ABeess won Hòm Giáp [IV] (ID: hm_gip_iv, Weight: 25.0) from ARMOR CRATES (ID: armor_crates)
[05/03/2025 08:56:28] ABeess won Hòm M?nh Giáp [I] (ID: hm_mnh_gip_i, Weight: 25.0) from ARMOR CRATES (ID: armor_crates)
[05/03/2025 08:56:28] ABeess won Hòm Giáp [II] (ID: hm_gip_ii, Weight: 25.0) from ARMOR CRATES (ID: armor_crates)
[05/03/2025 08:56:28] ABeess won Hòm M?nh Giáp [III] (ID: hm_mnh_gip_iii, Weight: 25.0) from ARMOR CRATES (ID: armor_crates)
[05/03/2025 08:56:28] ABeess won Hòm Giáp [III] (ID: hm_gip_iii, Weight: 25.0) from ARMOR CRATES (ID: armor_crates)
[05/03/2025 08:56:28] ABeess won Hòm Giáp [IV] (ID: hm_gip_iv, Weight: 25.0) from ARMOR CRATES (ID: armor_crates)
[05/03/2025 08:56:28] ABeess won Hòm Giáp [III] (ID: hm_gip_iii, Weight: 25.0) from ARMOR CRATES (ID: armor_crates)
[05/03/2025 08:56:28] ABeess won Hòm Giáp [IV] (ID: hm_gip_iv, Weight: 25.0) from ARMOR CRATES (ID: armor_crates)
[05/03/2025 08:56:28] ABeess won Hòm M?nh Giáp [IV] (ID: hm_mnh_gip_iv, Weight: 25.0) from ARMOR CRATES (ID: armor_crates)
[05/03/2025 08:56:55] ABeess won Hòm Giáp [I] (ID: hm_gip_i, Weight: 25.0) from ARMOR CRATES (ID: armor_crates)
[05/03/2025 08:56:55] ABeess won Hòm Giáp [II] (ID: hm_gip_ii, Weight: 25.0) from ARMOR CRATES (ID: armor_crates)
[05/03/2025 08:56:55] ABeess won Hòm Giáp [II] (ID: hm_gip_ii, Weight: 25.0) from ARMOR CRATES (ID: armor_crates)
[05/03/2025 08:56:55] ABeess won Hòm Giáp [I] (ID: hm_gip_i, Weight: 25.0) from ARMOR CRATES (ID: armor_crates)
[05/03/2025 08:56:55] ABeess won Hòm M?nh Giáp [IV] (ID: hm_mnh_gip_iv, Weight: 25.0) from ARMOR CRATES (ID: armor_crates)
[05/03/2025 08:56:55] ABeess won Hòm M?nh Giáp [I] (ID: hm_mnh_gip_i, Weight: 25.0) from ARMOR CRATES (ID: armor_crates)
[05/03/2025 08:56:55] ABeess won Hòm Giáp [III] (ID: hm_gip_iii, Weight: 25.0) from ARMOR CRATES (ID: armor_crates)
[05/03/2025 08:56:55] ABeess won Hòm M?nh Giáp [V] (ID: hm_mnh_gip_v1, Weight: 25.0) from ARMOR CRATES (ID: armor_crates)
[05/03/2025 08:56:55] ABeess won Hòm Giáp [IV] (ID: hm_gip_iv, Weight: 25.0) from ARMOR CRATES (ID: armor_crates)
[05/03/2025 08:56:55] ABeess won Hòm Giáp [III] (ID: hm_gip_iii, Weight: 25.0) from ARMOR CRATES (ID: armor_crates)
[05/03/2025 08:56:55] ABeess won Hòm M?nh Giáp [V] (ID: hm_mnh_gip_v, Weight: 25.0) from ARMOR CRATES (ID: armor_crates)
[05/03/2025 08:56:55] ABeess won Hòm M?nh Giáp [IV] (ID: hm_mnh_gip_iv, Weight: 25.0) from ARMOR CRATES (ID: armor_crates)
[05/03/2025 08:56:55] ABeess won Hòm M?nh Giáp [I] (ID: hm_mnh_gip_i, Weight: 25.0) from ARMOR CRATES (ID: armor_crates)
[05/03/2025 08:56:55] ABeess won Hòm Giáp [IV] (ID: hm_gip_iv, Weight: 25.0) from ARMOR CRATES (ID: armor_crates)
[05/03/2025 08:56:55] ABeess won Hòm M?nh Giáp [II] (ID: hm_mnh_gip_ii, Weight: 25.0) from ARMOR CRATES (ID: armor_crates)
[05/03/2025 08:56:55] ABeess won Hòm M?nh Giáp [III] (ID: hm_mnh_gip_iii, Weight: 25.0) from ARMOR CRATES (ID: armor_crates)
[05/03/2025 08:56:55] ABeess won Hòm M?nh Giáp [II] (ID: hm_mnh_gip_ii, Weight: 25.0) from ARMOR CRATES (ID: armor_crates)
[05/03/2025 08:56:55] ABeess won Hòm M?nh Giáp [I] (ID: hm_mnh_gip_i, Weight: 25.0) from ARMOR CRATES (ID: armor_crates)
[05/03/2025 08:56:55] ABeess won Hòm M?nh Giáp [II] (ID: hm_mnh_gip_ii, Weight: 25.0) from ARMOR CRATES (ID: armor_crates)
[05/03/2025 08:56:55] ABeess won Hòm Giáp [I] (ID: hm_gip_i, Weight: 25.0) from ARMOR CRATES (ID: armor_crates)
[05/03/2025 08:56:55] ABeess won Hòm Giáp [IV] (ID: hm_gip_iv, Weight: 25.0) from ARMOR CRATES (ID: armor_crates)
[05/03/2025 08:56:55] ABeess won Hòm Giáp [III] (ID: hm_gip_iii, Weight: 25.0) from ARMOR CRATES (ID: armor_crates)
[05/03/2025 08:56:55] ABeess won Hòm Giáp [III] (ID: hm_gip_iii, Weight: 25.0) from ARMOR CRATES (ID: armor_crates)
[05/03/2025 08:56:55] ABeess won Hòm Giáp [IV] (ID: hm_gip_iv, Weight: 25.0) from ARMOR CRATES (ID: armor_crates)
[05/03/2025 08:56:56] ABeess won Hòm M?nh Giáp [II] (ID: hm_mnh_gip_ii, Weight: 25.0) from ARMOR CRATES (ID: armor_crates)
[05/03/2025 08:56:56] ABeess won Hòm Giáp [I] (ID: hm_gip_i, Weight: 25.0) from ARMOR CRATES (ID: armor_crates)
[05/03/2025 08:56:56] ABeess won Hòm M?nh Giáp [II] (ID: hm_mnh_gip_ii, Weight: 25.0) from ARMOR CRATES (ID: armor_crates)
[05/03/2025 08:56:56] ABeess won Hòm M?nh Giáp [II] (ID: hm_mnh_gip_ii, Weight: 25.0) from ARMOR CRATES (ID: armor_crates)
[05/03/2025 08:56:56] ABeess won Hòm Giáp [I] (ID: hm_gip_i, Weight: 25.0) from ARMOR CRATES (ID: armor_crates)
[05/03/2025 08:56:56] ABeess won Hòm M?nh Giáp [V] (ID: hm_mnh_gip_v, Weight: 25.0) from ARMOR CRATES (ID: armor_crates)
[05/03/2025 08:56:58] ABeess won Hòm Giáp [III] (ID: hm_gip_iii, Weight: 25.0) from ARMOR CRATES (ID: armor_crates)
[05/03/2025 08:56:58] ABeess won Hòm M?nh Giáp [IV] (ID: hm_mnh_gip_iv, Weight: 25.0) from ARMOR CRATES (ID: armor_crates)
[05/03/2025 08:56:58] ABeess won Hòm Giáp [II] (ID: hm_gip_ii, Weight: 25.0) from ARMOR CRATES (ID: armor_crates)
[05/03/2025 08:56:58] ABeess won Hòm Giáp [I] (ID: hm_gip_i, Weight: 25.0) from ARMOR CRATES (ID: armor_crates)
[05/03/2025 08:56:58] ABeess won Hòm M?nh Giáp [V] (ID: hm_mnh_gip_v, Weight: 25.0) from ARMOR CRATES (ID: armor_crates)
[05/03/2025 08:56:58] ABeess won Hòm M?nh Giáp [I] (ID: hm_mnh_gip_i, Weight: 25.0) from ARMOR CRATES (ID: armor_crates)
[05/03/2025 08:56:58] ABeess won Hòm M?nh Giáp [I] (ID: hm_mnh_gip_i, Weight: 25.0) from ARMOR CRATES (ID: armor_crates)
[05/03/2025 08:56:58] ABeess won Hòm Giáp [I] (ID: hm_gip_i, Weight: 25.0) from ARMOR CRATES (ID: armor_crates)
[05/03/2025 08:56:58] ABeess won Hòm M?nh Giáp [V] (ID: hm_mnh_gip_v, Weight: 25.0) from ARMOR CRATES (ID: armor_crates)
[05/03/2025 08:56:58] ABeess won Hòm Giáp [I] (ID: hm_gip_i, Weight: 25.0) from ARMOR CRATES (ID: armor_crates)
[05/03/2025 08:56:58] ABeess won Hòm M?nh Giáp [II] (ID: hm_mnh_gip_ii, Weight: 25.0) from ARMOR CRATES (ID: armor_crates)
[05/03/2025 08:56:58] ABeess won Hòm M?nh Giáp [II] (ID: hm_mnh_gip_ii, Weight: 25.0) from ARMOR CRATES (ID: armor_crates)
[05/03/2025 08:56:58] ABeess won Hòm M?nh Giáp [IV] (ID: hm_mnh_gip_iv, Weight: 25.0) from ARMOR CRATES (ID: armor_crates)
[05/03/2025 08:56:58] ABeess won Hòm Giáp [IV] (ID: hm_gip_iv, Weight: 25.0) from ARMOR CRATES (ID: armor_crates)
[05/03/2025 08:56:58] ABeess won Hòm Giáp [IV] (ID: hm_gip_iv, Weight: 25.0) from ARMOR CRATES (ID: armor_crates)
[05/03/2025 08:56:58] ABeess won Hòm Giáp [IV] (ID: hm_gip_iv, Weight: 25.0) from ARMOR CRATES (ID: armor_crates)
[05/03/2025 08:56:58] ABeess won Hòm M?nh Giáp [II] (ID: hm_mnh_gip_ii, Weight: 25.0) from ARMOR CRATES (ID: armor_crates)
[05/03/2025 08:56:58] ABeess won Hòm Giáp [IV] (ID: hm_gip_iv, Weight: 25.0) from ARMOR CRATES (ID: armor_crates)
[05/03/2025 08:56:58] ABeess won Hòm M?nh Giáp [III] (ID: hm_mnh_gip_iii, Weight: 25.0) from ARMOR CRATES (ID: armor_crates)
[05/03/2025 08:56:58] ABeess won Hòm M?nh Giáp [I] (ID: hm_mnh_gip_i, Weight: 25.0) from ARMOR CRATES (ID: armor_crates)
[05/03/2025 08:56:58] ABeess won Hòm Giáp [II] (ID: hm_gip_ii, Weight: 25.0) from ARMOR CRATES (ID: armor_crates)
[05/03/2025 08:56:58] ABeess won Hòm Giáp [III] (ID: hm_gip_iii, Weight: 25.0) from ARMOR CRATES (ID: armor_crates)
[05/03/2025 08:56:58] ABeess won Hòm Giáp [IV] (ID: hm_gip_iv, Weight: 25.0) from ARMOR CRATES (ID: armor_crates)
[05/03/2025 08:56:58] ABeess won Hòm Giáp [III] (ID: hm_gip_iii, Weight: 25.0) from ARMOR CRATES (ID: armor_crates)
[05/03/2025 08:56:58] ABeess won Hòm Giáp [III] (ID: hm_gip_iii, Weight: 25.0) from ARMOR CRATES (ID: armor_crates)
[05/03/2025 08:56:58] ABeess won Hòm Giáp [IV] (ID: hm_gip_iv, Weight: 25.0) from ARMOR CRATES (ID: armor_crates)
[05/03/2025 08:56:58] ABeess won Hòm Giáp [IV] (ID: hm_gip_iv, Weight: 25.0) from ARMOR CRATES (ID: armor_crates)
[05/03/2025 08:56:58] ABeess won Hòm M?nh Giáp [II] (ID: hm_mnh_gip_ii, Weight: 25.0) from ARMOR CRATES (ID: armor_crates)
[05/03/2025 08:56:58] ABeess won Hòm M?nh Giáp [II] (ID: hm_mnh_gip_ii, Weight: 25.0) from ARMOR CRATES (ID: armor_crates)
[05/03/2025 08:56:58] ABeess won Hòm M?nh Giáp [I] (ID: hm_mnh_gip_i, Weight: 25.0) from ARMOR CRATES (ID: armor_crates)
[05/03/2025 08:57:27] ABeess won Hòm Giáp [II] (ID: hm_gip_ii, Weight: 25.0) from ARMOR CRATES (ID: armor_crates)
[05/03/2025 08:57:27] ABeess won Hòm M?nh Giáp [I] (ID: hm_mnh_gip_i, Weight: 25.0) from ARMOR CRATES (ID: armor_crates)
[05/03/2025 08:57:27] ABeess won Hòm Giáp [I] (ID: hm_gip_i, Weight: 25.0) from ARMOR CRATES (ID: armor_crates)
[05/03/2025 08:57:27] ABeess won Hòm M?nh Giáp [IV] (ID: hm_mnh_gip_iv, Weight: 25.0) from ARMOR CRATES (ID: armor_crates)
[05/03/2025 08:57:27] ABeess won Hòm M?nh Giáp [I] (ID: hm_mnh_gip_i, Weight: 25.0) from ARMOR CRATES (ID: armor_crates)
[05/03/2025 08:57:27] ABeess won Hòm Giáp [II] (ID: hm_gip_ii, Weight: 25.0) from ARMOR CRATES (ID: armor_crates)
[05/03/2025 08:57:27] ABeess won Hòm M?nh Giáp [IV] (ID: hm_mnh_gip_iv, Weight: 25.0) from ARMOR CRATES (ID: armor_crates)
[05/03/2025 08:57:27] ABeess won Hòm Giáp [I] (ID: hm_gip_i, Weight: 25.0) from ARMOR CRATES (ID: armor_crates)
[05/03/2025 08:57:27] ABeess won Hòm Giáp [II] (ID: hm_gip_ii, Weight: 25.0) from ARMOR CRATES (ID: armor_crates)
[05/03/2025 08:57:27] ABeess won Hòm Giáp [II] (ID: hm_gip_ii, Weight: 25.0) from ARMOR CRATES (ID: armor_crates)
[06/03/2025 20:02:38] RayPVP666_VN won Hòm M?nh Giáp [II] (ID: hm_mnh_gip_ii, Weight: 25.0) from ARMOR CRATES (ID: armor_crates)
[06/03/2025 20:02:42] RayPVP666_VN won M?nh giáp [II] (ID: armor_shardii, Weight: 25.0) from Hòm M?nh Giáp [II] (ID: armor_shard_crate_2)
[06/03/2025 20:02:44] RayPVP666_VN won Hòm M?nh Giáp [IV] (ID: hm_mnh_gip_iv, Weight: 25.0) from ARMOR CRATES (ID: armor_crates)
[06/03/2025 20:02:44] RayPVP666_VN won Hòm M?nh Giáp [II] (ID: hm_mnh_gip_ii, Weight: 25.0) from ARMOR CRATES (ID: armor_crates)
[06/03/2025 20:02:44] RayPVP666_VN won Hòm M?nh Giáp [IV] (ID: hm_mnh_gip_iv, Weight: 25.0) from ARMOR CRATES (ID: armor_crates)
[06/03/2025 20:02:44] RayPVP666_VN won Hòm M?nh Giáp [II] (ID: hm_mnh_gip_ii, Weight: 25.0) from ARMOR CRATES (ID: armor_crates)
[06/03/2025 20:02:44] RayPVP666_VN won Hòm Giáp [III] (ID: hm_gip_iii, Weight: 25.0) from ARMOR CRATES (ID: armor_crates)
[06/03/2025 20:02:44] RayPVP666_VN won Hòm Giáp [I] (ID: hm_gip_i, Weight: 25.0) from ARMOR CRATES (ID: armor_crates)
[06/03/2025 20:02:44] RayPVP666_VN won Hòm Giáp [III] (ID: hm_gip_iii, Weight: 25.0) from ARMOR CRATES (ID: armor_crates)
[06/03/2025 20:02:44] RayPVP666_VN won Hòm M?nh Giáp [II] (ID: hm_mnh_gip_ii, Weight: 25.0) from ARMOR CRATES (ID: armor_crates)
[06/03/2025 20:02:44] RayPVP666_VN won Hòm M?nh Giáp [V] (ID: hm_mnh_gip_v, Weight: 25.0) from ARMOR CRATES (ID: armor_crates)
[07/03/2025 21:08:56] SauLucSich won Hòm M?nh Giáp [I] (ID: hm_mnh_gip_i, Weight: 25.0) from ARMOR CRATES (ID: armor_crates)
[07/03/2025 21:09:01] SauLucSich won M?nh giáp [I] (ID: armor_shardi, Weight: 25.0) from Hòm M?nh Giáp [I] (ID: armor_shard_crate_1)
[07/03/2025 21:09:06] SauLucSich won Hòm Giáp [III] (ID: hm_gip_iii, Weight: 25.0) from ARMOR CRATES (ID: armor_crates)
[07/03/2025 21:09:06] SauLucSich won Hòm M?nh Giáp [IV] (ID: hm_mnh_gip_iv, Weight: 25.0) from ARMOR CRATES (ID: armor_crates)
[07/03/2025 21:09:06] SauLucSich won Hòm Giáp [I] (ID: hm_gip_i, Weight: 25.0) from ARMOR CRATES (ID: armor_crates)
[07/03/2025 21:09:06] SauLucSich won Hòm M?nh Giáp [II] (ID: hm_mnh_gip_ii, Weight: 25.0) from ARMOR CRATES (ID: armor_crates)
[07/03/2025 21:09:06] SauLucSich won Hòm M?nh Giáp [V] (ID: hm_mnh_gip_v1, Weight: 25.0) from ARMOR CRATES (ID: armor_crates)
[07/03/2025 21:09:06] SauLucSich won Hòm M?nh Giáp [II] (ID: hm_mnh_gip_ii, Weight: 25.0) from ARMOR CRATES (ID: armor_crates)
[07/03/2025 21:09:06] SauLucSich won Hòm M?nh Giáp [III] (ID: hm_mnh_gip_iii, Weight: 25.0) from ARMOR CRATES (ID: armor_crates)
[07/03/2025 21:09:06] SauLucSich won Hòm M?nh Giáp [IV] (ID: hm_mnh_gip_iv, Weight: 25.0) from ARMOR CRATES (ID: armor_crates)
[07/03/2025 21:09:06] SauLucSich won Hòm Giáp [IV] (ID: hm_gip_iv, Weight: 25.0) from ARMOR CRATES (ID: armor_crates)
[07/03/2025 21:09:27] SauLucSich won M?nh giáp [V] (ID: armor_shardv, Weight: 25.0) from Hòm M?nh Giáp [V] (ID: armor_shard_crate_5)
[10/03/2025 21:11:22] ABeess won Class (ID: class, Weight: 25.0) from upgrade class (ID: class_2)
[10/03/2025 21:11:55] ABeess won Class (ID: class, Weight: 25.0) from upgrade class (ID: class_2)
[10/03/2025 21:21:16] ABeess won Class (ID: class, Weight: 25.0) from upgrade class (ID: class_2)
[10/03/2025 21:23:37] ABeess won Class (ID: class, Weight: 25.0) from upgrade class (ID: class_2)
[10/03/2025 21:25:52] ABeess won Class (ID: class, Weight: 25.0) from upgrade class (ID: class_2)
